Component: ARM Compiler 5.06 update 7 (build 960) Tool: armlink [4d3601]

==============================================================================

Section Cross References

    startup_stm32f407xx.o(STACK) refers (Special) to heapauxi.o(.text) for __use_two_region_memory
    startup_stm32f407xx.o(HEAP) refers (Special) to heapauxi.o(.text) for __use_two_region_memory
    startup_stm32f407xx.o(RESET) refers (Special) to heapauxi.o(.text) for __use_two_region_memory
    startup_stm32f407xx.o(RESET) refers to startup_stm32f407xx.o(STACK) for __initial_sp
    startup_stm32f407xx.o(RESET) refers to startup_stm32f407xx.o(.text) for Reset_Handler
    startup_stm32f407xx.o(RESET) refers to stm32f4xx_it.o(i.NMI_Handler) for NMI_Handler
    startup_stm32f407xx.o(RESET) refers to stm32f4xx_it.o(i.HardFault_Handler) for HardFault_Handler
    startup_stm32f407xx.o(RESET) refers to stm32f4xx_it.o(i.MemManage_Handler) for MemManage_Handler
    startup_stm32f407xx.o(RESET) refers to stm32f4xx_it.o(i.BusFault_Handler) for BusFault_Handler
    startup_stm32f407xx.o(RESET) refers to stm32f4xx_it.o(i.UsageFault_Handler) for UsageFault_Handler
    startup_stm32f407xx.o(RESET) refers to stm32f4xx_it.o(i.SVC_Handler) for SVC_Handler
    startup_stm32f407xx.o(RESET) refers to stm32f4xx_it.o(i.DebugMon_Handler) for DebugMon_Handler
    startup_stm32f407xx.o(RESET) refers to stm32f4xx_it.o(i.PendSV_Handler) for PendSV_Handler
    startup_stm32f407xx.o(RESET) refers to stm32f4xx_it.o(i.SysTick_Handler) for SysTick_Handler
    startup_stm32f407xx.o(.text) refers (Special) to heapauxi.o(.text) for __use_two_region_memory
    startup_stm32f407xx.o(.text) refers to system_stm32f4xx.o(i.SystemInit) for SystemInit
    startup_stm32f407xx.o(.text) refers to __main.o(!!!main) for __main
    startup_stm32f407xx.o(.text) refers to startup_stm32f407xx.o(HEAP) for Heap_Mem
    startup_stm32f407xx.o(.text) refers to startup_stm32f407xx.o(STACK) for Stack_Mem
    main.o(i.MX_ADC1_Init) refers to stm32f4xx_hal_adc.o(i.HAL_ADC_Init) for HAL_ADC_Init
    main.o(i.MX_ADC1_Init) refers to stm32f4xx_hal_adc.o(i.HAL_ADC_ConfigChannel) for HAL_ADC_ConfigChannel
    main.o(i.MX_ADC1_Init) refers to main.o(.bss) for .bss
    main.o(i.MX_GPIO_Init) refers to rt_memclr_w.o(.text) for __aeabi_memclr4
    main.o(i.MX_GPIO_Init) refers to stm32f4xx_hal_gpio.o(i.HAL_GPIO_WritePin) for HAL_GPIO_WritePin
    main.o(i.MX_GPIO_Init) refers to stm32f4xx_hal_gpio.o(i.HAL_GPIO_Init) for HAL_GPIO_Init
    main.o(i.MX_SPI1_Init) refers to stm32f4xx_hal_spi.o(i.HAL_SPI_Init) for HAL_SPI_Init
    main.o(i.MX_SPI1_Init) refers to main.o(.bss) for .bss
    main.o(i.SystemClock_Config) refers to rt_memclr_w.o(.text) for __aeabi_memclr4
    main.o(i.SystemClock_Config) refers to stm32f4xx_hal_rcc.o(i.HAL_RCC_OscConfig) for HAL_RCC_OscConfig
    main.o(i.SystemClock_Config) refers to stm32f4xx_hal_rcc.o(i.HAL_RCC_ClockConfig) for HAL_RCC_ClockConfig
    main.o(i.main) refers to stm32f4xx_hal.o(i.HAL_Init) for HAL_Init
    main.o(i.main) refers to main.o(i.SystemClock_Config) for SystemClock_Config
    main.o(i.main) refers to main.o(i.MX_GPIO_Init) for MX_GPIO_Init
    main.o(i.main) refers to main.o(i.MX_ADC1_Init) for MX_ADC1_Init
    main.o(i.main) refers to stm32f4xx_hal_i2c.o(i.HAL_I2C_Init) for HAL_I2C_Init
    main.o(i.main) refers to main.o(i.MX_SPI1_Init) for MX_SPI1_Init
    main.o(i.main) refers to lcd16x2_i2c.o(i.lcd16x2_i2c_init) for lcd16x2_i2c_init
    main.o(i.main) refers to stepper.o(i.STEPPERS_Init) for STEPPERS_Init
    main.o(i.main) refers to my_lis3dsh.o(i.LIS3DSH_Init) for LIS3DSH_Init
    main.o(i.main) refers to stepper.o(i.STEPPER_SetSpeed) for STEPPER_SetSpeed
    main.o(i.main) refers to stm32f4xx_hal_adc.o(i.HAL_ADC_Start) for HAL_ADC_Start
    main.o(i.main) refers to my_lis3dsh.o(i.LIS3DSH_PollDRDY) for LIS3DSH_PollDRDY
    main.o(i.main) refers to stm32f4xx_hal_adc.o(i.HAL_ADC_PollForConversion) for HAL_ADC_PollForConversion
    main.o(i.main) refers to stm32f4xx_hal_gpio.o(i.HAL_GPIO_TogglePin) for HAL_GPIO_TogglePin
    main.o(i.main) refers to my_lis3dsh.o(i.LIS3DSH_ReadIO) for LIS3DSH_ReadIO
    main.o(i.main) refers to stm32f4xx_hal_adc.o(i.HAL_ADC_GetValue) for HAL_ADC_GetValue
    main.o(i.main) refers to lcd16x2_i2c.o(i.lcd16x2_i2c_clear) for lcd16x2_i2c_clear
    main.o(i.main) refers to lcd16x2_i2c.o(i.lcd16x2_i2c_printf) for lcd16x2_i2c_printf
    main.o(i.main) refers to lcd16x2_i2c.o(i.lcd16x2_i2c_2ndLine) for lcd16x2_i2c_2ndLine
    main.o(i.main) refers to stepper.o(i.STEPPER_Step_Blocking) for STEPPER_Step_Blocking
    main.o(i.main) refers to stepper.o(i.STEPPER_Stop) for STEPPER_Stop
    main.o(i.main) refers to stm32f4xx_hal_adc.o(i.HAL_ADC_Stop) for HAL_ADC_Stop
    main.o(i.main) refers to main.o(.bss) for .bss
    main.o(i.main) refers to main.o(.data) for .data
    stm32f4xx_it.o(i.SysTick_Handler) refers to stm32f4xx_hal.o(i.HAL_IncTick) for HAL_IncTick
[...]
    i.DebugMon_Handler                       0x08001ee8   Section        0  stm32f4xx_it.o(i.DebugMon_Handler)
    i.HAL_ADC_ConfigChannel                  0x08001eec   Section        0  stm32f4xx_hal_adc.o(i.HAL_ADC_ConfigChannel)
    i.HAL_ADC_GetValue                       0x08002038   Section        0  stm32f4xx_hal_adc.o(i.HAL_ADC_GetValue)
    i.HAL_ADC_Init                           0x0800203e   Section        0  stm32f4xx_hal_adc.o(i.HAL_ADC_Init)
    i.HAL_ADC_MspInit                        0x08002094   Section        0  stm32f4xx_hal_msp.o(i.HAL_ADC_MspInit)
    i.HAL_ADC_PollForConversion              0x080020f4   Section        0  stm32f4xx_hal_adc.o(i.HAL_ADC_PollForConversion)
    i.HAL_ADC_Start                          0x080021a0   Section        0  stm32f4xx_hal_adc.o(i.HAL_ADC_Start)
    i.HAL_ADC_Stop                           0x0800229c   Section        0  stm32f4xx_hal_adc.o(i.HAL_ADC_Stop)
    i.HAL_Delay                              0x080022d8   Section        0  stm32f4xx_hal.o(i.HAL_Delay)
    i.HAL_GPIO_Init                          0x080022fc   Section        0  stm32f4xx_hal_gpio.o(i.HAL_GPIO_Init)
    i.HAL_GPIO_TogglePin                     0x080024ec   Section        0  stm32f4xx_hal_gpio.o(i.HAL_GPIO_TogglePin)
    i.HAL_GPIO_WritePin                      0x080024fc   Section        0  stm32f4xx_hal_gpio.o(i.HAL_GPIO_WritePin)
    i.HAL_GetTick                            0x08002508   Section        0  stm32f4xx_hal.o(i.HAL_GetTick)
    i.HAL_I2C_Init                           0x08002514   Section        0  stm32f4xx_hal_i2c.o(i.HAL_I2C_Init)
    i.HAL_I2C_IsDeviceReady                  0x0800269c   Section        0  stm32f4xx_hal_i2c.o(i.HAL_I2C_IsDeviceReady)
    i.HAL_I2C_Master_Transmit                0x08002808   Section        0  stm32f4xx_hal_i2c.o(i.HAL_I2C_Master_Transmit)
    i.HAL_I2C_MspInit                        0x08002934   Section        0  stm32f4xx_hal_msp.o(i.HAL_I2C_MspInit)
    i.HAL_IncTick                            0x0800299c   Section        0  stm32f4xx_hal.o(i.HAL_IncTick)
    i.HAL_Init                               0x080029ac   Section        0  stm32f4xx_hal.o(i.HAL_Init)
    i.HAL_InitTick                           0x080029e0   Section        0  stm32f4xx_hal.o(i.HAL_InitTick)
    i.HAL_MspInit                            0x08002a20   Section        0  stm32f4xx_hal_msp.o(i.HAL_MspInit)
    i.HAL_NVIC_SetPriority                   0x08002a50   Section        0  stm32f4xx_hal_cortex.o(i.HAL_NVIC_SetPriority)
    i.HAL_NVIC_SetPriorityGrouping           0x08002a90   Section        0  stm32f4xx_hal_cortex.o(i.HAL_NVIC_SetPriorityGrouping)
    i.HAL_RCC_ClockConfig                    0x08002ab4   Section        0  stm32f4xx_hal_rcc.o(i.HAL_RCC_ClockConfig)
    i.HAL_RCC_GetHCLKFreq                    0x08002be8   Section        0  stm32f4xx_hal_rcc.o(i.HAL_RCC_GetHCLKFreq)
    i.HAL_RCC_GetPCLK1Freq                   0x08002bf4   Section        0  stm32f4xx_hal_rcc.o(i.HAL_RCC_GetPCLK1Freq)
    i.HAL_RCC_GetSysClockFreq                0x08002c14   Section        0  stm32f4xx_hal_rcc.o(i.HAL_RCC_GetSysClockFreq)
    i.HAL_RCC_OscConfig                      0x08002c78   Section        0  stm32f4xx_hal_rcc.o(i.HAL_RCC_OscConfig)
    i.HAL_SPI_Init                           0x08002fe4   Section        0  stm32f4xx_hal_spi.o(i.HAL_SPI_Init)
    i.HAL_SPI_MspInit                        0x080030a0   Section        0  stm32f4xx_hal_msp.o(i.HAL_SPI_MspInit)
    i.HAL_SPI_Receive                        0x08003108   Section        0  stm32f4xx_hal_spi.o(i.HAL_SPI_Receive)
    i.HAL_SPI_Transmit                       0x08003262   Section        0  stm32f4xx_hal_spi.o(i.HAL_SPI_Transmit)
    i.HAL_SPI_TransmitReceive                0x080033c8   Section        0  stm32f4xx_hal_spi.o(i.HAL_SPI_TransmitReceive)
    i.HAL_SYSTICK_Config                     0x080035aa   Section        0  stm32f4xx_hal_cortex.o(i.HAL_SYSTICK_Config)
    i.HardFault_Handler                      0x080035d2   Section        0  stm32f4xx_it.o(i.HardFault_Handler)
    i.I2C_IsAcknowledgeFailed                0x080035d4   Section        0  stm32f4xx_hal_i2c.o(i.I2C_IsAcknowledgeFailed)
    I2C_IsAcknowledgeFailed                  0x080035d5   Thumb Code    46  stm32f4xx_hal_i2c.o(i.I2C_IsAcknowledgeFailed)
    i.I2C_MasterRequestWrite                 0x08003604   Section        0  stm32f4xx_hal_i2c.o(i.I2C_MasterRequestWrite)
    I2C_MasterRequestWrite                   0x08003605   Thumb Code   150  stm32f4xx_hal_i2c.o(i.I2C_MasterRequestWrite)
    i.I2C_WaitOnBTFFlagUntilTimeout          0x080036a0   Section        0  stm32f4xx_hal_i2c.o(i.I2C_WaitOnBTFFlagUntilTimeout)
    I2C_WaitOnBTFFlagUntilTimeout            0x080036a1   Thumb Code    76  stm32f4xx_hal_i2c.o(i.I2C_WaitOnBTFFlagUntilTimeout)
    i.I2C_WaitOnFlagUntilTimeout             0x080036ec   Section        0  stm32f4xx_hal_i2c.o(i.I2C_WaitOnFlagUntilTimeout)
    I2C_WaitOnFlagUntilTimeout               0x080036ed   Thumb Code   104  stm32f4xx_hal_i2c.o(i.I2C_WaitOnFlagUntilTimeout)
    i.I2C_WaitOnMasterAddressFlagUntilTimeout 0x08003754   Section        0  stm32f4xx_hal_i2c.o(i.I2C_WaitOnMasterAddressFlagUntilTimeout)
    I2C_WaitOnMasterAddressFlagUntilTimeout  0x08003755   Thumb Code   150  stm32f4xx_hal_i2c.o(i.I2C_WaitOnMasterAddressFlagUntilTimeout)
    i.I2C_WaitOnTXEFlagUntilTimeout          0x080037ea   Section        0  stm32f4xx_hal_i2c.o(i.I2C_WaitOnTXEFlagUntilTimeout)
    I2C_WaitOnTXEFlagUntilTimeout            0x080037eb   Thumb Code    76  stm32f4xx_hal_i2c.o(i.I2C_WaitOnTXEFlagUntilTimeout)
    i.LIS3DSH_Init                           0x08003838   Section        0  my_lis3dsh.o(i.LIS3DSH_Init)
    i.LIS3DSH_PollDRDY                       0x08003904   Section        0  my_lis3dsh.o(i.LIS3DSH_PollDRDY)
    i.LIS3DSH_ReadIO                         0x08003938   Section        0  my_lis3dsh.o(i.LIS3DSH_ReadIO)
    i.LIS3DSH_WriteIO                        0x08003994   Section        0  my_lis3dsh.o(i.LIS3DSH_WriteIO)
    i.MX_ADC1_Init                           0x080039d8   Section        0  main.o(i.MX_ADC1_Init)
    MX_ADC1_Init                             0x080039d9   Thumb Code    82  main.o(i.MX_ADC1_Init)
    i.MX_GPIO_Init                           0x08003a38   Section        0  main.o(i.MX_GPIO_Init)
    MX_GPIO_Init                             0x08003a39   Thumb Code   154  main.o(i.MX_GPIO_Init)
    i.MX_SPI1_Init                           0x08003ae0   Section        0  main.o(i.MX_SPI1_Init)
    MX_SPI1_Init                             0x08003ae1   Thumb Code    58  main.o(i.MX_SPI1_Init)
    i.MemManage_Handler                      0x08003b24   Section        0  stm32f4xx_it.o(i.MemManage_Handler)
    i.NMI_Handler                            0x08003b26   Section        0  stm32f4xx_it.o(i.NMI_Handler)
    i.PendSV_Handler                         0x08003b28   Section        0  stm32f4xx_it.o(i.PendSV_Handler)
    i.SPI_EndRxTransaction                   0x08003b2a   Section        0  stm32f4xx_hal_spi.o(i.SPI_EndRxTransaction)
    SPI_EndRxTransaction                     0x08003b2b   Thumb Code    92  stm32f4xx_hal_spi.o(i.SPI_EndRxTransaction)
    i.SPI_EndRxTxTransaction                 0x08003b88   Section        0  stm32f4xx_hal_spi.o(i.SPI_EndRxTxTransaction)
    SPI_EndRxTxTransaction                   0x08003b89   Thumb Code    80  stm32f4xx_hal_spi.o(i.SPI_EndRxTxTransaction)
    i.SPI_WaitFlagStateUntilTimeout          0x08003be0   Section        0  stm32f4xx_hal_spi.o(i.SPI_WaitFlagStateUntilTimeout)
    SPI_WaitFlagStateUntilTimeout            0x08003be1   Thumb Code   180  stm32f4xx_hal_spi.o(i.SPI_WaitFlagStateUntilTimeout)
    i.STEPPERS_Init                          0x08003c98   Section        0  stepper.o(i.STEPPERS_Init)
    i.STEPPER_One_Step                       0x08003de4   Section        0  stepper.o(i.STEPPER_One_Step)
    STEPPER_One_Step                         0x08003de5   Thumb Code   170  stepper.o(i.STEPPER_One_Step)
    i.STEPPER_SetSpeed                       0x08003e9c   Section        0  stepper.o(i.STEPPER_SetSpeed)
    i.STEPPER_Step_Blocking                  0x08003ef0   Section        0  stepper.o(i.STEPPER_Step_Blocking)
    i.STEPPER_Stop                           0x08003f6c   Section        0  stepper.o(i.STEPPER_Stop)
    i.SVC_Handler                            0x08003f80   Section        0  stm32f4xx_it.o(i.SVC_Handler)
    i.SysTick_Handler                        0x08003f82   Section        0  stm32f4xx_it.o(i.SysTick_Handler)
    i.SystemClock_Config                     0x08003f88   Section        0  main.o(i.SystemClock_Config)
    i.SystemInit                             0x08004004   Section        0  system_stm32f4xx.o(i.SystemInit)
    i.UsageFault_Handler                     0x08004014   Section        0  stm32f4xx_it.o(i.UsageFault_Handler)
    i.__ARM_fpclassify                       0x08004016   Section        0  fpclassify.o(i.__ARM_fpclassify)
    i.__NVIC_SetPriority                     0x08004046   Section        0  stm32f4xx_hal_cortex.o(i.__NVIC_SetPriority)
    __NVIC_SetPriority                       0x08004047   Thumb Code    32  stm32f4xx_hal_cortex.o(i.__NVIC_SetPriority)
    i._is_digit                              0x08004066   Section        0  __printf_wp.o(i._is_digit)
    i.lcd16x2_i2c_2ndLine                    0x08004074   Section        0  lcd16x2_i2c.o(i.lcd16x2_i2c_2ndLine)
    i.lcd16x2_i2c_clear                      0x0800407c   Section        0  lcd16x2_i2c.o(i.lcd16x2_i2c_clear)
    i.lcd16x2_i2c_init                       0x08004090   Section        0  lcd16x2_i2c.o(i.lcd16x2_i2c_init)
    i.lcd16x2_i2c_printf                     0x08004148   Section        0  lcd16x2_i2c.o(i.lcd16x2_i2c_printf)
    i.lcd16x2_i2c_sendCommand                0x080041b8   Section        0  lcd16x2_i2c.o(i.lcd16x2_i2c_sendCommand)
    lcd16x2_i2c_sendCommand                  0x080041b9   Thumb Code    60  lcd16x2_i2c.o(i.lcd16x2_i2c_sendCommand)
    i.lcd16x2_i2c_setCursor                  0x080041f8   Section        0  lcd16x2_i2c.o(i.lcd16x2_i2c_setCursor)
    i.main                                   0x08004210   Section        0  main.o(i.main)
    locale$$code                             0x08004428   Section       44  lc_numeric_c.o(locale$$code)
    locale$$code                             0x08004454   Section       44  lc_ctype_c.o(locale$$code)
    x$fpl$ddiv                               0x08004480   Section      688  ddiv.o(x$fpl$ddiv)
    $v0                                      0x08004480   Number         0  ddiv.o(x$fpl$ddiv)
    ddiv_entry                               0x08004487   Thumb Code     0  ddiv.o(x$fpl$ddiv)
    x$fpl$dfixu                              0x08004730   Section       90  dfixu.o(x$fpl$dfixu)
    $v0                                      0x08004730   Number         0  dfixu.o(x$fpl$dfixu)
    x$fpl$dfltu                              0x0800478a   Section       38  dflt_clz.o(x$fpl$dfltu)
    $v0                                      0x0800478a   Number         0  dflt_clz.o(x$fpl$dfltu)
    x$fpl$dnaninf                            0x080047b0   Section      156  dnaninf.o(x$fpl$dnaninf)
    $v0                                      0x080047b0   Number         0  dnaninf.o(x$fpl$dnaninf)
    x$fpl$dretinf                            0x0800484c   Section       12  dretinf.o(x$fpl$dretinf)
    $v0                                      0x0800484c   Number         0  dretinf.o(x$fpl$dretinf)
    x$fpl$fpinit                             0x08004858   Section       10  fpinit.o(x$fpl$fpinit)
    $v0                                      0x08004858   Number         0  fpinit.o(x$fpl$fpinit)
    x$fpl$printf1                            0x08004862   Section        4  printf1.o(x$fpl$printf1)
    $v0                                      0x08004862   Number         0  printf1.o(x$fpl$printf1)
    x$fpl$printf2                            0x08004866   Section        4  printf2.o(x$fpl$printf2)
    $v0                                      0x08004866   Number         0  printf2.o(x$fpl$printf2)
    x$fpl$usenofp                            0x0800486a   Section        0  usenofp.o(x$fpl$usenofp)
    .constdata                               0x0800486c   Section       28  stepper_cfg.o(.constdata)
    .constdata                               0x08004888   Section       16  system_stm32f4xx.o(.constdata)
    .constdata                               0x08004898   Section        8  system_stm32f4xx.o(.constdata)
    .constdata                               0x080048a0   Section        8  _printf_wctomb.o(.constdata)
    initial_mbstate                          0x080048a0   Data           8  _printf_wctomb.o(.constdata)
    .constdata                               0x080048a8   Section       40  _printf_hex_int_ll_ptr.o(.constdata)
    uc_hextab                                0x080048a8   Data          20  _printf_hex_int_ll_ptr.o(.constdata)
    lc_hextab                                0x080048bc   Data          20  _printf_hex_int_ll_ptr.o(.constdata)
    .constdata                               0x080048d0   Section       17  __printf_flags_ss_wp.o(.constdata)
    maptable                                 0x080048d0   Data          17  __printf_flags_ss_wp.o(.constdata)
    .constdata                               0x080048e1   Section       38  _printf_fp_hex.o(.constdata)
    lc_hextab                                0x080048e1   Data          19  _printf_fp_hex.o(.constdata)
    uc_hextab                                0x080048f4   Data          19  _printf_fp_hex.o(.constdata)
    .constdata                               0x08004908   Section      148  bigflt0.o(.constdata)
    tenpwrs_x                                0x08004908   Data          60  bigflt0.o(.constdata)
    tenpwrs_i                                0x08004944   Data          64  bigflt0.o(.constdata)
    locale$$data                             0x080049bc   Section       28  lc_numeric_c.o(locale$$data)
    __lcnum_c_name                           0x080049c0   Data           2  lc_numeric_c.o(locale$$data)
    __lcnum_c_start                          0x080049c8   Data           0  lc_numeric_c.o(locale$$data)
    __lcnum_c_point                          0x080049d4   Data           0  lc_numeric_c.o(locale$$data)
    __lcnum_c_thousands                      0x080049d6   Data           0  lc_numeric_c.o(locale$$data)
    __lcnum_c_grouping                       0x080049d7   Data           0  lc_numeric_c.o(locale$$data)
    locale$$data                             0x080049d8   Section      272  lc_ctype_c.o(locale$$data)
    __lcnum_c_end                            0x080049d8   Data           0  lc_numeric_c.o(locale$$data)
    __lcctype_c_name                         0x080049dc   Data           2  lc_ctype_c.o(locale$$data)
    __lcctype_c_start                        0x080049e4   Data           0  lc_ctype_c.o(locale$$data)
    __lcctype_c_end                          0x08004ae8   Data           0  lc_ctype_c.o(locale$$data)
    .data                                    0x20000000   Section       20  main.o(.data)
    .data                                    0x20000014   Section        8  lcd16x2_i2c.o(.data)
    LCD_I2C_SLAVE_ADDRESS                    0x20000014   Data           1  lcd16x2_i2c.o(.data)
    lcd16x2_i2cHandle                        0x20000018   Data           4  lcd16x2_i2c.o(.data)
    .data                                    0x2000001c   Section       28  my_lis3dsh.o(.data)
    lis3dsh_Sensitivity                      0x2000001c   Data           4  my_lis3dsh.o(.data)
    __X_Bias                                 0x20000020   Data           4  my_lis3dsh.o(.data)
    __Y_Bias                                 0x20000024   Data           4  my_lis3dsh.o(.data)
    __Z_Bias                                 0x20000028   Data           4  my_lis3dsh.o(.data)
    __X_Scale                                0x2000002c   Data           4  my_lis3dsh.o(.data)
    __Y_Scale                                0x20000030   Data           4  my_lis3dsh.o(.data)
    __Z_Scale                                0x20000034   Data           4  my_lis3dsh.o(.data)
    .data                                    0x20000038   Section       64  stepper.o(.data)
    UNIPOLAR_WD_PATTERN                      0x20000038   Data          16  stepper.o(.data)
    UNIPOLAR_FS_PATTERN                      0x20000048   Data          16  stepper.o(.data)
    UNIPOLAR_HS_PATTERN                      0x20000058   Data          32  stepper.o(.data)
    .data                                    0x20000078   Section       12  stm32f4xx_hal.o(.data)
    .data                                    0x20000084   Section        4  system_stm32f4xx.o(.data)
    .bss                                     0x20000088   Section      244  main.o(.bss)
    .bss                                     0x2000017c   Section       88  my_lis3dsh.o(.bss)
    accSPI_Handle                            0x2000017c   Data          88  my_lis3dsh.o(.bss)
    .bss                                     0x200001d4   Section       20  stepper.o(.bss)
    gs_STEPPER_info                          0x200001d4   Data          20  stepper.o(.bss)
    .bss                                     0x200001e8   Section       96  libspace.o(.bss)
    HEAP                                     0x20000248   Section      512  startup_stm32f407xx.o(HEAP)
    Heap_Mem                                 0x20000248   Data         512  startup_stm32f407xx.o(HEAP)
    STACK                                    0x20000448   Section     1024  startup_stm32f407xx.o(STACK)
    Stack_Mem                                0x20000448   Data        1024  startup_stm32f407xx.o(STACK)
    __initial_sp                             0x20000848   Data           0  startup_stm32f407xx.o(STACK)

    Global Symbols

    Symbol Name                              Value     Ov Type        Size  Object(Section)

    BuildAttributes$$THM_ISAv4$E$P$D$K$B$S$7EM$VFPi3$EXTD16$VFPS$VFMA$PE$A:L22UL41UL21$X:L11$S22US41US21$IEEE1$IW$USESV6$~STKCKD$USESV7$~SHL$OTIME$ROPI$IEEEJ$EBA8$UX$STANDARDLIB$REQ8$PRES8$EABIv2 0x00000000   Number         0  anon$$obj.o ABSOLUTE
    __ARM_use_no_argv                        0x00000000   Number         0  main.o ABSOLUTE
    _printf_flags                            0x00000000   Number         0  printf_stubs.o ABSOLUTE
    _printf_return_value                     0x00000000   Number         0  printf_stubs.o ABSOLUTE
    _printf_sizespec                         0x00000000   Number         0  printf_stubs.o ABSOLUTE
    _printf_widthprec                        0x00000000   Number         0  printf_stubs.o ABSOLUTE
    __ARM_exceptions_init                     - Undefined Weak Reference
    __alloca_initialize                       - Undefined Weak Reference
    __arm_fini_                               - Undefined Weak Reference
    __arm_preinit_                            - Undefined Weak Reference
    __cpp_initialize__aeabi_                  - Undefined Weak Reference
    __cxa_finalize                            - Undefined Weak Reference
    __sigvec_lookup                           - Undefined Weak Reference
    _atexit_init                              - Undefined Weak Reference
    _call_atexit_fns                          - Undefined Weak Reference
    _clock_init                               - Undefined Weak Reference
    _fp_trap_init                             - Undefined Weak Reference
    _fp_trap_shutdown                         - Undefined Weak Reference
    _get_lc_collate                           - Undefined Weak Reference
    _get_lc_monetary                          - Undefined Weak Reference
    _get_lc_time                              - Undefined Weak Reference
    _getenv_init                              - Undefined Weak Reference
    _handle_redirection                       - Undefined Weak Reference
    _init_alloc                               - Undefined Weak Reference
    _init_user_alloc                          - Undefined Weak Reference
    _initio                                   - Undefined Weak Reference
    _printf_mbtowc                            - Undefined Weak Reference
    _printf_wc                                - Undefined Weak Reference
    _rand_init                                - Undefined Weak Reference
    _signal_finish                            - Undefined Weak Reference
    _signal_init                              - Undefined Weak Reference
    _terminate_alloc                          - Undefined Weak Reference
    _terminate_user_alloc                     - Undefined Weak Reference
    _terminateio                              - Undefined Weak Reference
    __Vectors_Size                           0x00000188   Number         0  startup_stm32f407xx.o ABSOLUTE
    __Vectors                                0x08000000   Data           4  startup_stm32f407xx.o(RESET)
    __Vectors_End                            0x08000188   Data           0  startup_stm32f407xx.o(RESET)
    __main                                   0x08000189   Thumb Code     8  __main.o(!!!main)
    __scatterload                            0x08000191   Thumb Code     0  __scatter.o(!!!scatter)
    __scatterload_rt2                        0x08000191   Thumb Code    44  __scatter.o(!!!scatter)
    __scatterload_rt2_thumb_only             0x08000191   Thumb Code     0  __scatter.o(!!!scatter)
    __scatterload_null                       0x0800019f   Thumb Code     0  __scatter.o(!!!scatter)
    __scatterload_copy                       0x080001c5   Thumb Code    26  __scatter_copy.o(!!handler_copy)
    __scatterload_zeroinit                   0x080001e1   Thumb Code    28  __scatter_zi.o(!!handler_zi)
    _printf_n                                0x080001fd   Thumb Code     0  _printf_n.o(.ARM.Collect$$_printf_percent$$00000001)
    _printf_percent                          0x080001fd   Thumb Code     0  _printf_percent.o(.ARM.Collect$$_printf_percent$$00000000)
    _printf_p                                0x08000203   Thumb Code     0  _printf_p.o(.ARM.Collect$$_printf_percent$$00000002)
    _printf_f                                0x08000209   Thumb Code     0  _printf_f.o(.ARM.Collect$$_printf_percent$$00000003)
    _printf_e                                0x0800020f   Thumb Code     0  _printf_e.o(.ARM.Collect$$_printf_percent$$00000004)
    _printf_g                                0x08000215   Thumb Code     0  _printf_g.o(.ARM.Collect$$_printf_percent$$00000005)
    _printf_a                                0x0800021b   Thumb Code     0  _printf_a.o(.ARM.Collect$$_printf_percent$$00000006)
    _printf_ll                               0x08000221   Thumb Code     0  _printf_ll.o(.ARM.Collect$$_printf_percent$$00000007)
    _printf_i                                0x0800022b   Thumb Code     0  _printf_i.o(.ARM.Collect$$_printf_percent$$00000008)
    _printf_d                                0x08000231   Thumb Code     0  _printf_d.o(.ARM.Collect$$_printf_percent$$00000009)
    _printf_u                                0x08000237   Thumb Code     0  _printf_u.o(.ARM.Collect$$_printf_percent$$0000000A)
    _printf_o                                0x0800023d   Thumb Code     0  _printf_o.o(.ARM.Collect$$_printf_percent$$0000000B)
    _printf_x                                0x08000243   Thumb Code     0  _printf_x.o(.ARM.Collect$$_printf_percent$$0000000C)
    _printf_lli                              0x08000249   Thumb Code     0  _printf_lli.o(.ARM.Collect$$_printf_percent$$0000000D)
    _printf_lld                              0x0800024f   Thumb Code     0  _printf_lld.o(.ARM.Collect$$_printf_percent$$0000000E)
    _printf_llu                              0x08000255   Thumb Code     0  _printf_llu.o(.ARM.Collect$$_printf_percent$$0000000F)
    _printf_llo                              0x0800025b   Thumb Code     0  _printf_llo.o(.ARM.Collect$$_printf_percent$$00000010)
    _printf_llx                              0x08000261   Thumb Code     0  _printf_llx.o(.ARM.Collect$$_printf_percent$$00000011)
    _printf_l                                0x08000267   Thumb Code     0  _printf_l.o(.ARM.Collect$$_printf_percent$$00000012)
    _printf_c                                0x08000271   Thumb Code     0  _printf_c.o(.ARM.Collect$$_printf_percent$$00000013)
    _printf_s                                0x08000277   Thumb Code     0  _printf_s.o(.ARM.Collect$$_printf_percent$$00000014)
    _printf_lc                               0x0800027d   Thumb Code     0  _printf_lc.o(.ARM.Collect$$_printf_percent$$00000015)
    _printf_ls                               0x08000283   Thumb Code     0  _printf_ls.o(.ARM.Collect$$_printf_percent$$00000016)
    _printf_percent_end                      0x08000289   Thumb Code     0  _printf_percent_end.o(.ARM.Collect$$_printf_percent$$00000017)
    __rt_lib_init                            0x0800028d   Thumb Code     0  libinit.o(.ARM.Collect$$libinit$$00000000)
    __rt_lib_init_fp_1                       0x0800028f   Thumb Code     0  libinit2.o(.ARM.Collect$$libinit$$00000001)
    __rt_lib_init_heap_1                     0x08000293   Thumb Code     0  libinit2.o(.ARM.Collect$$libinit$$0000000A)
    __rt_lib_init_lc_common                  0x08000293   Thumb Code     0  libinit2.o(.ARM.Collect$$libinit$$0000000F)
    __rt_lib_init_preinit_1                  0x08000293   Thumb Code     0  libinit2.o(.ARM.Collect$$libinit$$00000004)
    __rt_lib_init_rand_1                     0x08000293   Thumb Code     0  libinit2.o(.ARM.Collect$$libinit$$0000000E)
    __rt_lib_init_user_alloc_1               0x08000293   Thumb Code     0  libinit2.o(.ARM.Collect$$libinit$$0000000C)
    __rt_lib_init_lc_collate_1               0x08000299   Thumb Code     0  libinit2.o(.ARM.Collect$$libinit$$00000011)
    __rt_lib_init_lc_ctype_2                 0x08000299   Thumb Code     0  libinit2.o(.ARM.Collect$$libinit$$00000012)
    __rt_lib_init_lc_ctype_1                 0x080002a5   Thumb Code     0  libinit2.o(.ARM.Collect$$libinit$$00000013)
    __rt_lib_init_lc_monetary_1              0x080002a5   Thumb Code     0  libinit2.o(.ARM.Collect$$libinit$$00000015)
    __rt_lib_init_lc_numeric_2               0x080002a5   Thumb Code     0  libinit2.o(.ARM.Collect$$libinit$$00000016)
    __rt_lib_init_alloca_1                   0x080002af   Thumb Code     0  libinit2.o(.ARM.Collect$$libinit$$0000002E)
    __rt_lib_init_argv_1                     0x080002af   Thumb Code     0  libinit2.o(.ARM.Collect$$libinit$$0000002C)
    __rt_lib_init_atexit_1                   0x080002af   Thumb Code     0  libinit2.o(.ARM.Collect$$libinit$$0000001B)
    __rt_lib_init_clock_1                    0x080002af   Thumb Code     0  libinit2.o(.ARM.Collect$$libinit$$00000021)
    __rt_lib_init_cpp_1                      0x080002af   Thumb Code     0  libinit2.o(.ARM.Collect$$libinit$$00000032)
    __rt_lib_init_exceptions_1               0x080002af   Thumb Code     0  libinit2.o(.ARM.Collect$$libinit$$00000030)
    __rt_lib_init_fp_trap_1                  0x080002af   Thumb Code     0  libinit2.o(.ARM.Collect$$libinit$$0000001F)
    __rt_lib_init_getenv_1                   0x080002af   Thumb Code     0  libinit2.o(.ARM.Collect$$libinit$$00000023)
    __rt_lib_init_lc_numeric_1               0x080002af   Thumb Code     0  libinit2.o(.ARM.Collect$$libinit$$00000017)
    __rt_lib_init_lc_time_1                  0x080002af   Thumb Code     0  libinit2.o(.ARM.Collect$$libinit$$00000019)
    __rt_lib_init_return                     0x080002af   Thumb Code     0  libinit2.o(.ARM.Collect$$libinit$$00000033)
    __rt_lib_init_signal_1                   0x080002af   Thumb Code     0  libinit2.o(.ARM.Collect$$libinit$$0000001D)
    __rt_lib_init_stdio_1                    0x080002af   Thumb Code     0  libinit2.o(.ARM.Collect$$libinit$$00000025)
    __rt_lib_shutdown                        0x080002b1   Thumb Code     0  libshutdown.o(.ARM.Collect$$libshutdown$$00000000)
    __rt_lib_shutdown_cpp_1                  0x080002b3   Thumb Code     0  libshutdown2.o(.ARM.Collect$$libshutdown$$00000004)
    __rt_lib_shutdown_fini_1                 0x080002b3   Thumb Code     0  libshutdown2.o(.ARM.Collect$$libshutdown$$00000002)
    __rt_lib_shutdown_fp_trap_1              0x080002b3   Thumb Code     0  libshutdown2.o(.ARM.Collect$$libshutdown$$00000009)
    __rt_lib_shutdown_heap_1                 0x080002b3   Thumb Code     0  libshutdown2.o(.ARM.Collect$$libshutdown$$00000011)
    __rt_lib_shutdown_return                 0x080002b3   Thumb Code     0  libshutdown2.o(.ARM.Collect$$libshutdown$$00000012)
    __rt_lib_shutdown_signal_1               0x080002b3   Thumb Code     0  libshutdown2.o(.ARM.Collect$$libshutdown$$0000000C)
    __rt_lib_shutdown_stdio_1                0x080002b3   Thumb Code     0  libshutdown2.o(.ARM.Collect$$libshutdown$$00000006)
    __rt_lib_shutdown_user_alloc_1           0x080002b3   Thumb Code     0  libshutdown2.o(.ARM.Collect$$libshutdown$$0000000E)
    __rt_entry                               0x080002b5   Thumb Code     0  __rtentry.o(.ARM.Collect$$rtentry$$00000000)
    __rt_entry_presh_1                       0x080002b5   Thumb Code     0  __rtentry2.o(.ARM.Collect$$rtentry$$00000002)
    __rt_entry_sh                            0x080002b5   Thumb Code     0  __rtentry4.o(.ARM.Collect$$rtentry$$00000004)
    __rt_entry_li                            0x080002bb   Thumb Code     0  __rtentry2.o(.ARM.Collect$$rtentry$$0000000A)
    __rt_entry_postsh_1                      0x080002bb   Thumb Code     0  __rtentry2.o(.ARM.Collect$$rtentry$$00000009)
    __rt_entry_main                          0x080002bf   Thumb Code     0  __rtentry2.o(.ARM.Collect$$rtentry$$0000000D)
    __rt_entry_postli_1                      0x080002bf   Thumb Code     0  __rtentry2.o(.ARM.Collect$$rtentry$$0000000C)
    __rt_exit                                0x080002c7   Thumb Code     0  rtexit.o(.ARM.Collect$$rtexit$$00000000)
    __rt_exit_ls                             0x080002c9   Thumb Code     0  rtexit2.o(.ARM.Collect$$rtexit$$00000003)
    __rt_exit_prels_1                        0x080002c9   Thumb Code     0  rtexit2.o(.ARM.Collect$$rtexit$$00000002)
    __rt_exit_exit                           0x080002cd   Thumb Code     0  rtexit2.o(.ARM.Collect$$rtexit$$00000004)
    Reset_Handler                            0x080002d5   Thumb Code     8  startup_stm32f407xx.o(.text)
    ADC_IRQHandler                           0x080002ef   Thumb Code     0  startup_stm32f407xx.o(.text)
    CAN1_RX0_IRQHandler                      0x080002ef   Thumb Code     0  startup_stm32f407xx.o(.text)
    CAN1_RX1_IRQHandler                      0x080002ef   Thumb Code     0  startup_stm32f407xx.o(.text)
    CAN1_SCE_IRQHandler                      0x080002ef   Thumb Code     0  startup_stm32f407xx.o(.text)
    CAN1_TX_IRQHandler                       0x080002ef   Thumb Code     0  startup_stm32f407xx.o(.text)
    CAN2_RX0_IRQHandler                      0x080002ef   Thumb Code     0  startup_stm32f407xx.o(.text)
    CAN2_RX1_IRQHandler                      0x080002ef   Thumb Code     0  startup_stm32f407xx.o(.text)
    CAN2_SCE_IRQHandler                      0x080002ef   Thumb Code     0  startup_stm32f407xx.o(.text)
    CAN2_TX_IRQHandler                       0x080002ef   Thumb Code     0  startup_stm32f407xx.o(.text)
    DCMI_IRQHandler                          0x080002ef   Thumb Code     0  startup_stm32f407xx.o(.text)
    DMA1_Stream0_IRQHandler                  0x080002ef   Thumb Code     0  startup_stm32f407xx.o(.text)
    DMA1_Stream1_IRQHandler                  0x080002ef   Thumb Code     0  startup_stm32f407xx.o(.text)
    DMA1_Stream2_IRQHandler                  0x080002ef   Thumb Code     0  startup_stm32f407xx.o(.text)
    DMA1_Stream3_IRQHandler                  0x080002ef   Thumb Code     0  startup_stm32f407xx.o(.text)
    DMA1_Stream4_IRQHandler                  0x080002ef   Thumb Code     0  startup_stm32f407xx.o(.text)
    DMA1_Stream5_IRQHandler                  0x080002ef   Thumb Code     0  startup_stm32f407xx.o(.text)
    DMA1_Stream6_IRQHandler                  0x080002ef   Thumb Code     0  startup_stm32f407xx.o(.text)
    DMA1_Stream7_IRQHandler                  0x080002ef   Thumb Code     0  startup_stm32f407xx.o(.text)
    DMA2_Stream0_IRQHandler                  0x080002ef   Thumb Code     0  startup_stm32f407xx.o(.text)
    DMA2_Stream1_IRQHandler                  0x080002ef   Thumb Code     0  startup_stm32f407xx.o(.text)
    DMA2_Stream2_IRQHandler                  0x080002ef   Thumb Code     0  startup_stm32f407xx.o(.text)
    DMA2_Stream3_IRQHandler                  0x080002ef   Thumb Code     0  startup_stm32f407xx.o(.text)
    DMA2_Stream4_IRQHandler                  0x080002ef   Thumb Code     0  startup_stm32f407xx.o(.text)
    DMA2_Stream5_IRQHandler                  0x080002ef   Thumb Code     0  startup_stm32f407xx.o(.text)
    DMA2_Stream6_IRQHandler                  0x080002ef   Thumb Code     0  startup_stm32f407xx.o(.text)
    DMA2_Stream7_IRQHandler                  0x080002ef   Thumb Code     0  startup_stm32f407xx.o(.text)
    ETH_IRQHandler                           0x080002ef   Thumb Code     0  startup_stm32f407xx.o(.text)
    ETH_WKUP_IRQHandler                      0x080002ef   Thumb Code     0  startup_stm32f407xx.o(.text)
    EXTI0_IRQHandler                         0x080002ef   Thumb Code     0  startup_stm32f407xx.o(.text)
    EXTI15_10_IRQHandler                     0x080002ef   Thumb Code     0  startup_stm32f407xx.o(.text)
    EXTI1_IRQHandler                         0x080002ef   Thumb Code     0  startup_stm32f407xx.o(.text)
    EXTI2_IRQHandler                         0x080002ef   Thumb Code     0  startup_stm32f407xx.o(.text)
    EXTI3_IRQHandler                         0x080002ef   Thumb Code     0  startup_stm32f407xx.o(.text)
    EXTI4_IRQHandler                         0x080002ef   Thumb Code     0  startup_stm32f407xx.o(.text)
    EXTI9_5_IRQHandler                       0x080002ef   Thumb Code     0  startup_stm32f407xx.o(.text)
    FLASH_IRQHandler                         0x080002ef   Thumb Code     0  startup_stm32f407xx.o(.text)
    FMC_IRQHandler                           0x080002ef   Thumb Code     0  startup_stm32f407xx.o(.text)
    FPU_IRQHandler                           0x080002ef   Thumb Code     0  startup_stm32f407xx.o(.text)
    HASH_RNG_IRQHandler                      0x080002ef   Thumb Code     0  startup_stm32f407xx.o(.text)
    I2C1_ER_IRQHandler                       0x080002ef   Thumb Code     0  startup_stm32f407xx.o(.text)
    I2C1_EV_IRQHandler                       0x080002ef   Thumb Code     0  startup_stm32f407xx.o(.text)
    I2C2_ER_IRQHandler                       0x080002ef   Thumb Code     0  startup_stm32f407xx.o(.text)
    I2C2_EV_IRQHandler                       0x080002ef   Thumb Code     0  startup_stm32f407xx.o(.text)
    I2C3_ER_IRQHandler                       0x080002ef   Thumb Code     0  startup_stm32f407xx.o(.text)
    I2C3_EV_IRQHandler                       0x080002ef   Thumb Code     0  startup_stm32f407xx.o(.text)
    OTG_FS_IRQHandler                        0x080002ef   Thumb Code     0  startup_stm32f407xx.o(.text)
    OTG_FS_WKUP_IRQHandler                   0x080002ef   Thumb Code     0  startup_stm32f407xx.o(.text)
    OTG_HS_EP1_IN_IRQHandler                 0x080002ef   Thumb Code     0  startup_stm32f407xx.o(.text)
    OTG_HS_EP1_OUT_IRQHandler                0x080002ef   Thumb Code     0  startup_stm32f407xx.o(.text)
    OTG_HS_IRQHandler                        0x080002ef   Thumb Code     0  startup_stm32f407xx.o(.text)
    OTG_HS_WKUP_IRQHandler                   0x080002ef   Thumb Code     0  startup_stm32f407xx.o(.text)
    PVD_IRQHandler                           0x080002ef   Thumb Code     0  startup_stm32f407xx.o(.text)
    RCC_IRQHandler                           0x080002ef   Thumb Code     0  startup_stm32f407xx.o(.text)
    RTC_Alarm_IRQHandler                     0x080002ef   Thumb Code     0  startup_stm32f407xx.o(.text)
    RTC_WKUP_IRQHandler                      0x080002ef   Thumb Code     0  startup_stm32f407xx.o(.text)
    SDIO_IRQHandler                          0x080002ef   Thumb Code     0  startup_stm32f407xx.o(.text)
    SPI1_IRQHandler                          0x080002ef   Thumb Code     0  startup_stm32f407xx.o(.text)
    SPI2_IRQHandler                          0x080002ef   Thumb Code     0  startup_stm32f407xx.o(.text)
    SPI3_IRQHandler                          0x080002ef   Thumb Code     0  startup_stm32f407xx.o(.text)
    TAMP_STAMP_IRQHandler                    0x080002ef   Thumb Code     0  startup_stm32f407xx.o(.text)
    TIM1_BRK_TIM9_IRQHandler                 0x080002ef   Thumb Code     0  startup_stm32f407xx.o(.text)
    TIM1_CC_IRQHandler                       0x080002ef   Thumb Code     0  startup_stm32f407xx.o(.text)
    TIM1_TRG_COM_TIM11_IRQHandler            0x080002ef   Thumb Code     0  startup_stm32f407xx.o(.text)
    TIM1_UP_TIM10_IRQHandler                 0x080002ef   Thumb Code     0  startup_stm32f407xx.o(.text)
    TIM2_IRQHandler                          0x080002ef   Thumb Code     0  startup_stm32f407xx.o(.text)
    TIM3_IRQHandler                          0x080002ef   Thumb Code     0  startup_stm32f407xx.o(.text)
    TIM4_IRQHandler                          0x080002ef   Thumb Code     0  startup_stm32f407xx.o(.text)
    TIM5_IRQHandler                          0x080002ef   Thumb Code     0  startup_stm32f407xx.o(.text)
    TIM6_DAC_IRQHandler                      0x080002ef   Thumb Code     0  startup_stm32f407xx.o(.text)
    TIM7_IRQHandler                          0x080002ef   Thumb Code     0  startup_stm32f407xx.o(.text)
    TIM8_BRK_TIM12_IRQHandler                0x080002ef   Thumb Code     0  startup_stm32f407xx.o(.text)
    TIM8_CC_IRQHandler                       0x080002ef   Thumb Code     0  startup_stm32f407xx.o(.text)
    TIM8_TRG_COM_TIM14_IRQHandler            0x080002ef   Thumb Code     0  startup_stm32f407xx.o(.text)
    TIM8_UP_TIM13_IRQHandler                 0x080002ef   Thumb Code     0  startup_stm32f407xx.o(.text)
    UART4_IRQHandler                         0x080002ef   Thumb Code     0  startup_stm32f407xx.o(.text)
    UART5_IRQHandler                         0x080002ef   Thumb Code     0  startup_stm32f407xx.o(.text)
    USART1_IRQHandler                        0x080002ef   Thumb Code     0  startup_stm32f407xx.o(.text)
    USART2_IRQHandler                        0x080002ef   Thumb Code     0  startup_stm32f407xx.o(.text)
    USART3_IRQHandler                        0x080002ef   Thumb Code     0  startup_stm32f407xx.o(.text)
    USART6_IRQHandler                        0x080002ef   Thumb Code     0  startup_stm32f407xx.o(.text)
    WWDG_IRQHandler                          0x080002ef   Thumb Code     0  startup_stm32f407xx.o(.text)
    __user_initial_stackheap                 0x080002f1   Thumb Code     0  startup_stm32f407xx.o(.text)
    __aeabi_uldivmod                         0x08000315   Thumb Code     0  lludivv7m.o(.text)
    _ll_udiv                                 0x08000315   Thumb Code   238  lludivv7m.o(.text)
    vsprintf                                 0x08000405   Thumb Code    32  vsprintf.o(.text)
    strlen                                   0x08000429   Thumb Code    62  strlen.o(.text)
    __aeabi_memcpy4                          0x08000467   Thumb Code     0  rt_memcpy_w.o(.text)
    __aeabi_memcpy8                          0x08000467   Thumb Code     0  rt_memcpy_w.o(.text)
    __rt_memcpy_w                            0x08000467   Thumb Code   100  rt_memcpy_w.o(.text)
    _memcpy_lastbytes_aligned                0x080004af   Thumb Code     0  rt_memcpy_w.o(.text)
    __aeabi_memclr4                          0x080004cb   Thumb Code     0  rt_memclr_w.o(.text)
    __aeabi_memclr8                          0x080004cb   Thumb Code     0  rt_memclr_w.o(.text)
    __rt_memclr_w                            0x080004cb   Thumb Code    78  rt_memclr_w.o(.text)
    _memset_w                                0x080004cf   Thumb Code     0  rt_memclr_w.o(.text)
    __use_two_region_memory                  0x08000519   Thumb Code     2  heapauxi.o(.text)
    __rt_heap_escrow$2region                 0x0800051b   Thumb Code     2  heapauxi.o(.text)
    __rt_heap_expand$2region                 0x0800051d   Thumb Code     2  heapauxi.o(.text)
    _printf_pre_padding                      0x0800051f   Thumb Code    44  _printf_pad.o(.text)
    _printf_post_padding                     0x0800054b   Thumb Code    34  _printf_pad.o(.text)
    _printf_truncate_signed                  0x0800056d   Thumb Code    18  _printf_truncate.o(.text)
    _printf_truncate_unsigned                0x0800057f   Thumb Code    18  _printf_truncate.o(.text)
    _printf_str                              0x08000591   Thumb Code    82  _printf_str.o(.text)
    _printf_int_dec                          0x080005e5   Thumb Code   104  _printf_dec.o(.text)
    _printf_charcount                        0x0800065d   Thumb Code    40  _printf_charcount.o(.text)
    _printf_char_common                      0x0800068f   Thumb Code    32  _printf_char_common.o(.text)
    _sputc                                   0x080006b5   Thumb Code    10  _sputc.o(.text)
    _printf_wctomb                           0x080006c1   Thumb Code   182  _printf_wctomb.o(.text)
    _printf_longlong_dec                     0x0800077d   Thumb Code   108  _printf_longlong_dec.o(.text)
    _printf_longlong_oct                     0x080007f9   Thumb Code    66  _printf_oct_int_ll.o(.text)
    _printf_int_oct                          0x0800083b   Thumb Code    24  _printf_oct_int_ll.o(.text)
    _printf_ll_oct                           0x08000853   Thumb Code    12  _printf_oct_int_ll.o(.text)
    _printf_longlong_hex                     0x08000869   Thumb Code    86  _printf_hex_int_ll_ptr.o(.text)
    _printf_int_hex                          0x080008bf   Thumb Code    28  _printf_hex_int_ll_ptr.o(.text)
    _printf_ll_hex                           0x080008db   Thumb Code    12  _printf_hex_int_ll_ptr.o(.text)
    _printf_hex_ptr                          0x080008e7   Thumb Code    18  _printf_hex_int_ll_ptr.o(.text)
    __printf                                 0x080008fd   Thumb Code   388  __printf_flags_ss_wp.o(.text)
    _ll_udiv10                               0x08000a85   Thumb Code   138  lludiv10.o(.text)
    _printf_int_common                       0x08000b0f   Thumb Code   178  _printf_intcommon.o(.text)
    __lib_sel_fp_printf                      0x08000bc1   Thumb Code     2  _printf_fp_dec.o(.text)
    _printf_fp_dec_real                      0x08000d73   Thumb Code   620  _printf_fp_dec.o(.text)
    _printf_fp_hex_real                      0x08000fe1   Thumb Code   756  _printf_fp_hex.o(.text)
    _printf_cs_common                        0x080012dd   Thumb Code    20  _printf_char.o(.text)
    _printf_char                             0x080012f1   Thumb Code    16  _printf_char.o(.text)
    _printf_string                           0x08001301   Thumb Code     8  _printf_char.o(.text)
    _printf_lcs_common                       0x08001309   Thumb Code    20  _printf_wchar.o(.text)
    _printf_wchar                            0x0800131d   Thumb Code    16  _printf_wchar.o(.text)
    _printf_wstring                          0x0800132d   Thumb Code     8  _printf_wchar.o(.text)
    _wcrtomb                                 0x08001335   Thumb Code    64  _wcrtomb.o(.text)
    __user_setup_stackheap                   0x08001375   Thumb Code    74  sys_stackheap_outer.o(.text)
    __rt_ctype_table                         0x080013c1   Thumb Code    16  rt_ctype_table.o(.text)
    __rt_locale                              0x080013d1   Thumb Code     8  rt_locale_intlibspace.o(.text)
    _printf_fp_infnan                        0x080013d9   Thumb Code   112  _printf_fp_infnan.o(.text)
    _btod_etento                             0x08001459   Thumb Code   224  bigflt0.o(.text)
    exit                                     0x0800153d   Thumb Code    18  exit.o(.text)
    __user_libspace                          0x08001551   Thumb Code     8  libspace.o(.text)
    __user_perproc_libspace                  0x08001551   Thumb Code     0  libspace.o(.text)
    __user_perthread_libspace                0x08001551   Thumb Code     0  libspace.o(.text)
    strcmp                                   0x08001559   Thumb Code   128  strcmpv7m.o(.text)
    _sys_exit                                0x080015d9   Thumb Code     8  sys_exit.o(.text)
    __I$use$semihosting                      0x080015e5   Thumb Code     0  use_no_semi.o(.text)
    __use_no_semihosting_swi                 0x080015e5   Thumb Code     2  use_no_semi.o(.text)
    __semihosting_library_function           0x080015e7   Thumb Code     0  indicate_semi.o(.text)
    _btod_d2e                                0x080015e7   Thumb Code    62  btod.o(CL$$btod_d2e)
    _d2e_denorm_low                          0x08001625   Thumb Code    70  btod.o(CL$$btod_d2e_denorm_low)
    _d2e_norm_op1                            0x0800166b   Thumb Code    96  btod.o(CL$$btod_d2e_norm_op1)
    __btod_div_common                        0x080016cb   Thumb Code   696  btod.o(CL$$btod_div_common)
    _e2e                                     0x08001a03   Thumb Code   220  btod.o(CL$$btod_e2e)
    _btod_ediv                               0x08001adf   Thumb Code    42  btod.o(CL$$btod_ediv)
    _btod_emul                               0x08001b09   Thumb Code    42  btod.o(CL$$btod_emul)
    __btod_mult_common                       0x08001b33   Thumb Code   580  btod.o(CL$$btod_mult_common)
    BusFault_Handler                         0x08001ea1   Thumb Code     2  stm32f4xx_it.o(i.BusFault_Handler)
    DWT_Delay_Init                           0x08001ea5   Thumb Code    58  dwt_delay.o(i.DWT_Delay_Init)
    DebugMon_Handler                         0x08001ee9   Thumb Code     2  stm32f4xx_it.o(i.DebugMon_Handler)
    HAL_ADC_ConfigChannel                    0x08001eed   Thumb Code   316  stm32f4xx_hal_adc.o(i.HAL_ADC_ConfigChannel)
    HAL_ADC_GetValue                         0x08002039   Thumb Code     6  stm32f4xx_hal_adc.o(i.HAL_ADC_GetValue)
    HAL_ADC_Init                             0x0800203f   Thumb Code    84  stm32f4xx_hal_adc.o(i.HAL_ADC_Init)
    HAL_ADC_MspInit                          0x08002095   Thumb Code    84  stm32f4xx_hal_msp.o(i.HAL_ADC_MspInit)
    HAL_ADC_PollForConversion                0x080020f5   Thumb Code   170  stm32f4xx_hal_adc.o(i.HAL_ADC_PollForConversion)
    HAL_ADC_Start                            0x080021a1   Thumb Code   228  stm32f4xx_hal_adc.o(i.HAL_ADC_Start)
    HAL_ADC_Stop                             0x0800229d   Thumb Code    60  stm32f4xx_hal_adc.o(i.HAL_ADC_Stop)
    HAL_Delay                                0x080022d9   Thumb Code    32  stm32f4xx_hal.o(i.HAL_Delay)
    HAL_GPIO_Init                            0x080022fd   Thumb Code   450  stm32f4xx_hal_gpio.o(i.HAL_GPIO_Init)
    HAL_GPIO_TogglePin                       0x080024ed   Thumb Code    16  stm32f4xx_hal_gpio.o(i.HAL_GPIO_TogglePin)
    HAL_GPIO_WritePin                        0x080024fd   Thumb Code    10  stm32f4xx_hal_gpio.o(i.HAL_GPIO_WritePin)
    HAL_GetTick                              0x08002509   Thumb Code     6  stm32f4xx_hal.o(i.HAL_GetTick)
    HAL_I2C_Init                             0x08002515   Thumb Code   376  stm32f4xx_hal_i2c.o(i.HAL_I2C_Init)
    HAL_I2C_IsDeviceReady                    0x0800269d   Thumb Code   354  stm32f4xx_hal_i2c.o(i.HAL_I2C_IsDeviceReady)
    HAL_I2C_Master_Transmit                  0x08002809   Thumb Code   290  stm32f4xx_hal_i2c.o(i.HAL_I2C_Master_Transmit)
    HAL_I2C_MspInit                          0x08002935   Thumb Code    92  stm32f4xx_hal_msp.o(i.HAL_I2C_MspInit)
    HAL_IncTick                              0x0800299d   Thumb Code    12  stm32f4xx_hal.o(i.HAL_IncTick)
    HAL_Init                                 0x080029ad   Thumb Code    48  stm32f4xx_hal.o(i.HAL_Init)
    HAL_InitTick                             0x080029e1   Thumb Code    54  stm32f4xx_hal.o(i.HAL_InitTick)
    HAL_MspInit                              0x08002a21   Thumb Code    42  stm32f4xx_hal_msp.o(i.HAL_MspInit)
    HAL_NVIC_SetPriority                     0x08002a51   Thumb Code    60  stm32f4xx_hal_cortex.o(i.HAL_NVIC_SetPriority)
    HAL_NVIC_SetPriorityGrouping             0x08002a91   Thumb Code    26  stm32f4xx_hal_cortex.o(i.HAL_NVIC_SetPriorityGrouping)
    HAL_RCC_ClockConfig                      0x08002ab5   Thumb Code   288  stm32f4xx_hal_rcc.o(i.HAL_RCC_ClockConfig)
    HAL_RCC_GetHCLKFreq                      0x08002be9   Thumb Code     6  stm32f4xx_hal_rcc.o(i.HAL_RCC_GetHCLKFreq)
    HAL_RCC_GetPCLK1Freq                     0x08002bf5   Thumb Code    20  stm32f4xx_hal_rcc.o(i.HAL_RCC_GetPCLK1Freq)
    HAL_RCC_GetSysClockFreq                  0x08002c15   Thumb Code    88  stm32f4xx_hal_rcc.o(i.HAL_RCC_GetSysClockFreq)
    HAL_RCC_OscConfig                        0x08002c79   Thumb Code   856  stm32f4xx_hal_rcc.o(i.HAL_RCC_OscConfig)
    HAL_SPI_Init                             0x08002fe5   Thumb Code   188  stm32f4xx_hal_spi.o(i.HAL_SPI_Init)
    HAL_SPI_MspInit                          0x080030a1   Thumb Code    92  stm32f4xx_hal_msp.o(i.HAL_SPI_MspInit)
    HAL_SPI_Receive                          0x08003109   Thumb Code   346  stm32f4xx_hal_spi.o(i.HAL_SPI_Receive)
    HAL_SPI_Transmit                         0x08003263   Thumb Code   358  stm32f4xx_hal_spi.o(i.HAL_SPI_Transmit)
    HAL_SPI_TransmitReceive                  0x080033c9   Thumb Code   482  stm32f4xx_hal_spi.o(i.HAL_SPI_TransmitReceive)
    HAL_SYSTICK_Config                       0x080035ab   Thumb Code    40  stm32f4xx_hal_cortex.o(i.HAL_SYSTICK_Config)
    HardFault_Handler                        0x080035d3   Thumb Code     2  stm32f4xx_it.o(i.HardFault_Handler)
    LIS3DSH_Init                             0x08003839   Thumb Code   172  my_lis3dsh.o(i.LIS3DSH_Init)
    LIS3DSH_PollDRDY                         0x08003905   Thumb Code    50  my_lis3dsh.o(i.LIS3DSH_PollDRDY)
    LIS3DSH_ReadIO                           0x08003939   Thumb Code    84  my_lis3dsh.o(i.LIS3DSH_ReadIO)
    LIS3DSH_WriteIO                          0x08003995   Thumb Code    58  my_lis3dsh.o(i.LIS3DSH_WriteIO)
    MemManage_Handler                        0x08003b25   Thumb Code     2  stm32f4xx_it.o(i.MemManage_Handler)
    NMI_Handler                              0x08003b27   Thumb Code     2  stm32f4xx_it.o(i.NMI_Handler)
    PendSV_Handler                           0x08003b29   Thumb Code     2  stm32f4xx_it.o(i.PendSV_Handler)
    STEPPERS_Init                            0x08003c99   Thumb Code   298  stepper.o(i.STEPPERS_Init)
    STEPPER_SetSpeed                         0x08003e9d   Thumb Code    68  stepper.o(i.STEPPER_SetSpeed)
    STEPPER_Step_Blocking                    0x08003ef1   Thumb Code   112  stepper.o(i.STEPPER_Step_Blocking)
    STEPPER_Stop                             0x08003f6d   Thumb Code    14  stepper.o(i.STEPPER_Stop)
    SVC_Handler                              0x08003f81   Thumb Code     2  stm32f4xx_it.o(i.SVC_Handler)
    SysTick_Handler                          0x08003f83   Thumb Code     4  stm32f4xx_it.o(i.SysTick_Handler)
    SystemClock_Config                       0x08003f89   Thumb Code   116  main.o(i.SystemClock_Config)
    SystemInit                               0x08004005   Thumb Code    12  system_stm32f4xx.o(i.SystemInit)
    UsageFault_Handler                       0x08004015   Thumb Code     2  stm32f4xx_it.o(i.UsageFault_Handler)
    __ARM_fpclassify                         0x08004017   Thumb Code    48  fpclassify.o(i.__ARM_fpclassify)
    _is_digit                                0x08004067   Thumb Code    14  __printf_wp.o(i._is_digit)
    lcd16x2_i2c_2ndLine                      0x08004075   Thumb Code     8  lcd16x2_i2c.o(i.lcd16x2_i2c_2ndLine)
    lcd16x2_i2c_clear                        0x0800407d   Thumb Code    18  lcd16x2_i2c.o(i.lcd16x2_i2c_clear)
    lcd16x2_i2c_init                         0x08004091   Thumb Code   178  lcd16x2_i2c.o(i.lcd16x2_i2c_init)
    lcd16x2_i2c_printf                       0x08004149   Thumb Code   106  lcd16x2_i2c.o(i.lcd16x2_i2c_printf)
    lcd16x2_i2c_setCursor                    0x080041f9   Thumb Code    22  lcd16x2_i2c.o(i.lcd16x2_i2c_setCursor)
    main                                     0x08004211   Thumb Code   402  main.o(i.main)
    _get_lc_numeric                          0x08004429   Thumb Code    44  lc_numeric_c.o(locale$$code)
    _get_lc_ctype                            0x08004455   Thumb Code    44  lc_ctype_c.o(locale$$code)
    __aeabi_ddiv                             0x08004481   Thumb Code     0  ddiv.o(x$fpl$ddiv)
    _ddiv                                    0x08004481   Thumb Code   552  ddiv.o(x$fpl$ddiv)
    __aeabi_d2uiz                            0x08004731   Thumb Code     0  dfixu.o(x$fpl$dfixu)
    _dfixu                                   0x08004731   Thumb Code    90  dfixu.o(x$fpl$dfixu)
    __aeabi_ui2d                             0x0800478b   Thumb Code     0  dflt_clz.o(x$fpl$dfltu)
    _dfltu                                   0x0800478b   Thumb Code    38  dflt_clz.o(x$fpl$dfltu)
    __fpl_dnaninf                            0x080047b1   Thumb Code   156  dnaninf.o(x$fpl$dnaninf)
    __fpl_dretinf                            0x0800484d   Thumb Code    12  dretinf.o(x$fpl$dretinf)
    _fp_init                                 0x08004859   Thumb Code    10  fpinit.o(x$fpl$fpinit)
    __fplib_config_fpu_vfp                   0x08004861   Thumb Code     0  fpinit.o(x$fpl$fpinit)
    __fplib_config_pureend_doubles           0x08004861   Thumb Code     0  fpinit.o(x$fpl$fpinit)
    _printf_fp_dec                           0x08004863   Thumb Code     4  printf1.o(x$fpl$printf1)
    _printf_fp_hex                           0x08004867   Thumb Code     4  printf2.o(x$fpl$printf2)
    __I$use$fp                               0x0800486a   Number         0  usenofp.o(x$fpl$usenofp)
    STEPPER_CfgParam                         0x0800486c   Data          28  stepper_cfg.o(.constdata)
    AHBPrescTable                            0x08004888   Data          16  system_stm32f4xx.o(.constdata)
    APBPrescTable                            0x08004898   Data           8  system_stm32f4xx.o(.constdata)
    Region$$Table$$Base                      0x0800499c   Number         0  anon$$obj.o(Region$$Table)
    Region$$Table$$Limit                     0x080049bc   Number         0  anon$$obj.o(Region$$Table)
    __ctype                                  0x080049e5   Data           0  lc_ctype_c.o(locale$$data)
    spiBuf                                   0x20000000   Data           2  main.o(.data)
    MyValue                                  0x20000004   Data           4  main.o(.data)
    MYCONFIG                                 0x20000008   Data           5  main.o(.data)
    MyData                                   0x2000000e   Data           6  main.o(.data)
    uwTickFreq                               0x20000078   Data           1  stm32f4xx_hal.o(.data)
    uwTickPrio                               0x2000007c   Data           4  stm32f4xx_hal.o(.data)
    uwTick                                   0x20000080   Data           4  stm32f4xx_hal.o(.data)
    SystemCoreClock                          0x20000084   Data           4  system_stm32f4xx.o(.data)
    hadc1                                    0x20000088   Data          72  main.o(.bss)
    hi2c1                                    0x200000d0   Data          84  main.o(.bss)
    hspi1                                    0x20000124   Data          88  main.o(.bss)
    __libspace_start                         0x200001e8   Data          96  libspace.o(.bss)
    __temporary_stack_top$libspace           0x20000248   Data           0  libspace.o(.bss)



==============================================================================

Memory Map of the image

  Image Entry point : 0x08000189

  Load Region LR_IROM1 (Base: 0x08000000, Size: 0x00004b70, Max: 0x00100000, ABSOLUTE)

    Execution Region ER_IROM1 (Exec base: 0x08000000, Load base: 0x08000000, Size: 0x00004ae8, Max: 0x00100000, ABSOLUTE)

    Exec Addr    Load Addr    Size         Type   Attr      Idx    E Section Name        Object

    0x08000000   0x08000000   0x00000188   Data   RO            3    RESET               startup_stm32f407xx.o
    0x08000188   0x08000188   0x00000008   Code   RO         3868  * !!!main             c_w.l(__main.o)
    0x08000190   0x08000190   0x00000034   Code   RO         4219    !!!scatter          c_w.l(__scatter.o)
    0x080001c4   0x080001c4   0x0000001a   Code   RO         4221    !!handler_copy      c_w.l(__scatter_copy.o)
    0x080001de   0x080001de   0x00000002   PAD
    0x080001e0   0x080001e0   0x0000001c   Code   RO         4223    !!handler_zi        c_w.l(__scatter_zi.o)
    0x080001fc   0x080001fc   0x00000000   Code   RO         3970    .ARM.Collect$$_printf_percent$$00000000  c_w.l(_printf_percent.o)
    0x080001fc   0x080001fc   0x00000006   Code   RO         3959    .ARM.Collect$$_printf_percent$$00000001  c_w.l(_printf_n.o)
    0x08000202   0x08000202   0x00000006   Code   RO         3961    .ARM.Collect$$_printf_percent$$00000002  c_w.l(_printf_p.o)
    0x08000208   0x08000208   0x00000006   Code   RO         3966    .ARM.Collect$$_printf_percent$$00000003  c_w.l(_printf_f.o)
    0x0800020e   0x0800020e   0x00000006   Code   RO         3967    .ARM.Collect$$_printf_percent$$00000004  c_w.l(_printf_e.o)
    0x08000214   0x08000214   0x00000006   Code   RO         3968    .ARM.Collect$$_printf_percent$$00000005  c_w.l(_printf_g.o)
    0x0800021a   0x0800021a   0x00000006   Code   RO         3969    .ARM.Collect$$_printf_percent$$00000006  c_w.l(_printf_a.o)
    0x08000220   0x08000220   0x0000000a   Code   RO         3974    .ARM.Collect$$_printf_percent$$00000007  c_w.l(_printf_ll.o)
    0x0800022a   0x0800022a   0x00000006   Code   RO         3963    .ARM.Collect$$_printf_percent$$00000008  c_w.l(_printf_i.o)
    0x08000230   0x08000230   0x00000006   Code   RO         3964    .ARM.Collect$$_printf_percent$$00000009  c_w.l(_printf_d.o)
    0x08000236   0x08000236   0x00000006   Code   RO         3965    .ARM.Collect$$_printf_percent$$0000000A  c_w.l(_printf_u.o)
    0x0800023c   0x0800023c   0x00000006   Code   RO         3962    .ARM.Collect$$_printf_percent$$0000000B  c_w.l(_printf_o.o)
    0x08000242   0x08000242   0x00000006   Code   RO         3960    .ARM.Collect$$_printf_percent$$0000000C  c_w.l(_printf_x.o)
    0x08000248   0x08000248   0x00000006   Code   RO         3971    .ARM.Collect$$_printf_percent$$0000000D  c_w.l(_printf_lli.o)
    0x0800024e   0x0800024e   0x00000006   Code   RO         3972    .ARM.Collect$$_printf_percent$$0000000E  c_w.l(_printf_lld.o)
    0x08000254   0x08000254   0x00000006   Code   RO         3973    .ARM.Collect$$_printf_percent$$0000000F  c_w.l(_printf_llu.o)
    0x0800025a   0x0800025a   0x00000006   Code   RO         3978    .ARM.Collect$$_printf_percent$$00000010  c_w.l(_printf_llo.o)
    0x08000260   0x08000260   0x00000006   Code   RO         3979    .ARM.Collect$$_printf_percent$$00000011  c_w.l(_printf_llx.o)
    0x08000266   0x08000266   0x0000000a   Code   RO         3975    .ARM.Collect$$_printf_percent$$00000012  c_w.l(_printf_l.o)
    0x08000270   0x08000270   0x00000006   Code   RO         3957    .ARM.Collect$$_printf_percent$$00000013  c_w.l(_printf_c.o)
    0x08000276   0x08000276   0x00000006   Code   RO         3958    .ARM.Collect$$_printf_percent$$00000014  c_w.l(_printf_s.o)
    0x0800027c   0x0800027c   0x00000006   Code   RO         3976    .ARM.Collect$$_printf_percent$$00000015  c_w.l(_printf_lc.o)
    0x08000282   0x08000282   0x00000006   Code   RO         3977    .ARM.Collect$$_printf_percent$$00000016  c_w.l(_printf_ls.o)
    0x08000288   0x08000288   0x00000004   Code   RO         4025    .ARM.Collect$$_printf_percent$$00000017  c_w.l(_printf_percent_end.o)
    0x0800028c   0x0800028c   0x00000002   Code   RO         4078    .ARM.Collect$$libinit$$00000000  c_w.l(libinit.o)
    0x0800028e   0x0800028e   0x00000004   Code   RO         4099    .ARM.Collect$$libinit$$00000001  c_w.l(libinit2.o)
    0x08000292   0x08000292   0x00000000   Code   RO         4102    .ARM.Collect$$libinit$$00000004  c_w.l(libinit2.o)
    0x08000292   0x08000292   0x00000000   Code   RO         4105    .ARM.Collect$$libinit$$0000000A  c_w.l(libinit2.o)
    0x08000292   0x08000292   0x00000000   Code   RO         4107    .ARM.Collect$$libinit$$0000000C  c_w.l(libinit2.o)
    0x08000292   0x08000292   0x00000000   Code   RO         4109    .ARM.Collect$$libinit$$0000000E  c_w.l(libinit2.o)
    0x08000292   0x08000292   0x00000006   Code   RO         4110    .ARM.Collect$$libinit$$0000000F  c_w.l(libinit2.o)
    0x08000298   0x08000298   0x00000000   Code   RO         4112    .ARM.Collect$$libinit$$00000011  c_w.l(libinit2.o)
    0x08000298   0x08000298   0x0000000c   Code   RO         4113    .ARM.Collect$$libinit$$00000012  c_w.l(libinit2.o)
    0x080002a4   0x080002a4   0x00000000   Code   RO         4114    .ARM.Collect$$libinit$$00000013  c_w.l(libinit2.o)
    0x080002a4   0x080002a4   0x00000000   Code   RO         4116    .ARM.Collect$$libinit$$00000015  c_w.l(libinit2.o)
    0x080002a4   0x080002a4   0x0000000a   Code   RO         4117    .ARM.Collect$$libinit$$00000016  c_w.l(libinit2.o)
    0x080002ae   0x080002ae   0x00000000   Code   RO         4118    .ARM.Collect$$libinit$$00000017  c_w.l(libinit2.o)
    0x080002ae   0x080002ae   0x00000000   Code   RO         4120    .ARM.Collect$$libinit$$00000019  c_w.l(libinit2.o)
    0x080002ae   0x080002ae   0x00000000   Code   RO         4122    .ARM.Collect$$libinit$$0000001B  c_w.l(libinit2.o)
    0x080002ae   0x080002ae   0x00000000   Code   RO         4124    .ARM.Collect$$libinit$$0000001D  c_w.l(libinit2.o)
    0x080002ae   0x080002ae   0x00000000   Code   RO         4126    .ARM.Collect$$libinit$$0000001F  c_w.l(libinit2.o)
    0x080002ae   0x080002ae   0x00000000   Code   RO         4128    .ARM.Collect$$libinit$$00000021  c_w.l(libinit2.o)
    0x080002ae   0x080002ae   0x00000000   Code   RO         4130    .ARM.Collect$$libinit$$00000023  c_w.l(libinit2.o)
    0x080002ae   0x080002ae   0x00000000   Code   RO         4132    .ARM.Collect$$libinit$$00000025  c_w.l(libinit2.o)
    0x080002ae   0x080002ae   0x00000000   Code   RO         4136    .ARM.Collect$$libinit$$0000002C  c_w.l(libinit2.o)
    0x080002ae   0x080002ae   0x00000000   Code   RO         4138    .ARM.Collect$$libinit$$0000002E  c_w.l(libinit2.o)
    0x080002ae   0x080002ae   0x00000000   Code   RO         4140    .ARM.Collect$$libinit$$00000030  c_w.l(libinit2.o)
    0x080002ae   0x080002ae   0x00000000   Code   RO         4142    .ARM.Collect$$libinit$$00000032  c_w.l(libinit2.o)
    0x080002ae   0x080002ae   0x00000002   Code   RO         4143    .ARM.Collect$$libinit$$00000033  c_w.l(libinit2.o)
    0x080002b0   0x080002b0   0x00000002   Code   RO         4174    .ARM.Collect$$libshutdown$$00000000  c_w.l(libshutdown.o)
    0x080002b2   0x080002b2   0x00000000   Code   RO         4200    .ARM.Collect$$libshutdown$$00000002  c_w.l(libshutdown2.o)
    0x080002b2   0x080002b2   0x00000000   Code   RO         4202    .ARM.Collect$$libshutdown$$00000004  c_w.l(libshutdown2.o)
    0x080002b2   0x080002b2   0x00000000   Code   RO         4204    .ARM.Collect$$libshutdown$$00000006  c_w.l(libshutdown2.o)
    0x080002b2   0x080002b2   0x00000000   Code   RO         4207    .ARM.Collect$$libshutdown$$00000009  c_w.l(libshutdown2.o)
    0x080002b2   0x080002b2   0x00000000   Code   RO         4210    .ARM.Collect$$libshutdown$$0000000C  c_w.l(libshutdown2.o)
    0x080002b2   0x080002b2   0x00000000   Code   RO         4212    .ARM.Collect$$libshutdown$$0000000E  c_w.l(libshutdown2.o)
    0x080002b2   0x080002b2   0x00000000   Code   RO         4215    .ARM.Collect$$libshutdown$$00000011  c_w.l(libshutdown2.o)
    0x080002b2   0x080002b2   0x00000002   Code   RO         4216    .ARM.Collect$$libshutdown$$00000012  c_w.l(libshutdown2.o)
    0x080002b4   0x080002b4   0x00000000   Code   RO         3884    .ARM.Collect$$rtentry$$00000000  c_w.l(__rtentry.o)
    0x080002b4   0x080002b4   0x00000000   Code   RO         3994    .ARM.Collect$$rtentry$$00000002  c_w.l(__rtentry2.o)
    0x080002b4   0x080002b4   0x00000006   Code   RO         4006    .ARM.Collect$$rtentry$$00000004  c_w.l(__rtentry4.o)
    0x080002ba   0x080002ba   0x00000000   Code   RO         3996    .ARM.Collect$$rtentry$$00000009  c_w.l(__rtentry2.o)
    0x080002ba   0x080002ba   0x00000004   Code   RO         3997    .ARM.Collect$$rtentry$$0000000A  c_w.l(__rtentry2.o)
    0x080002be   0x080002be   0x00000000   Code   RO         3999    .ARM.Collect$$rtentry$$0000000C  c_w.l(__rtentry2.o)
    0x080002be   0x080002be   0x00000008   Code   RO         4000    .ARM.Collect$$rtentry$$0000000D  c_w.l(__rtentry2.o)
    0x080002c6   0x080002c6   0x00000002   Code   RO         4086    .ARM.Collect$$rtexit$$00000000  c_w.l(rtexit.o)
    0x080002c8   0x080002c8   0x00000000   Code   RO         4147    .ARM.Collect$$rtexit$$00000002  c_w.l(rtexit2.o)
    0x080002c8   0x080002c8   0x00000004   Code   RO         4148    .ARM.Collect$$rtexit$$00000003  c_w.l(rtexit2.o)
    0x080002cc   0x080002cc   0x00000006   Code   RO         4149    .ARM.Collect$$rtexit$$00000004  c_w.l(rtexit2.o)
    0x080002d2   0x080002d2   0x00000002   PAD
    0x080002d4   0x080002d4   0x00000040   Code   RO            4    .text               startup_stm32f407xx.o
    0x08000314   0x08000314   0x000000ee   Code   RO         3856    .text               c_w.l(lludivv7m.o)
    0x08000402   0x08000402   0x00000002   PAD
    0x08000404   0x08000404   0x00000024   Code   RO         3858    .text               c_w.l(vsprintf.o)
    0x08000428   0x08000428   0x0000003e   Code   RO         3860    .text               c_w.l(strlen.o)
    0x08000466   0x08000466   0x00000064   Code   RO         3862    .text               c_w.l(rt_memcpy_w.o)
    0x080004ca   0x080004ca   0x0000004e   Code   RO         3864    .text               c_w.l(rt_memclr_w.o)
    0x08000518   0x08000518   0x00000006   Code   RO         3866    .text               c_w.l(heapauxi.o)
    0x0800051e   0x0800051e   0x0000004e   Code   RO         3891    .text               c_w.l(_printf_pad.o)
    0x0800056c   0x0800056c   0x00000024   Code   RO         3893    .text               c_w.l(_printf_truncate.o)
    0x08000590   0x08000590   0x00000052   Code   RO         3895    .text               c_w.l(_printf_str.o)
    0x080005e2   0x080005e2   0x00000002   PAD
    0x080005e4   0x080005e4   0x00000078   Code   RO         3897    .text               c_w.l(_printf_dec.o)
    0x0800065c   0x0800065c   0x00000028   Code   RO         3899    .text               c_w.l(_printf_charcount.o)
    0x08000684   0x08000684   0x00000030   Code   RO         3901    .text               c_w.l(_printf_char_common.o)
    0x080006b4   0x080006b4   0x0000000a   Code   RO         3903    .text               c_w.l(_sputc.o)
    0x080006be   0x080006be   0x00000002   PAD
    0x080006c0   0x080006c0   0x000000bc   Code   RO         3905    .text               c_w.l(_printf_wctomb.o)
    0x0800077c   0x0800077c   0x0000007c   Code   RO         3908    .text               c_w.l(_printf_longlong_dec.o)
    0x080007f8   0x080007f8   0x00000070   Code   RO         3914    .text               c_w.l(_printf_oct_int_ll.o)
    0x08000868   0x08000868   0x00000094   Code   RO         3934    .text               c_w.l(_printf_hex_int_ll_ptr.o)
    0x080008fc   0x080008fc   0x00000188   Code   RO         3954    .text               c_w.l(__printf_flags_ss_wp.o)
    0x08000a84   0x08000a84   0x0000008a   Code   RO         4010    .text               c_w.l(lludiv10.o)
    0x08000b0e   0x08000b0e   0x000000b2   Code   RO         4012    .text               c_w.l(_printf_intcommon.o)
    0x08000bc0   0x08000bc0   0x0000041e   Code   RO         4014    .text               c_w.l(_printf_fp_dec.o)
    0x08000fde   0x08000fde   0x00000002   PAD
    0x08000fe0   0x08000fe0   0x000002fc   Code   RO         4016    .text               c_w.l(_printf_fp_hex.o)
    0x080012dc   0x080012dc   0x0000002c   Code   RO         4021    .text               c_w.l(_printf_char.o)
    0x08001308   0x08001308   0x0000002c   Code   RO         4023    .text               c_w.l(_printf_wchar.o)
    0x08001334   0x08001334   0x00000040   Code   RO         4026    .text               c_w.l(_wcrtomb.o)
    0x08001374   0x08001374   0x0000004a   Code   RO         4028    .text               c_w.l(sys_stackheap_outer.o)
    0x080013be   0x080013be   0x00000002   PAD
    0x080013c0   0x080013c0   0x00000010   Code   RO         4030    .text               c_w.l(rt_ctype_table.o)
    0x080013d0   0x080013d0   0x00000008   Code   RO         4035    .text               c_w.l(rt_locale_intlibspace.o)
    0x080013d8   0x080013d8   0x00000080   Code   RO         4037    .text               c_w.l(_printf_fp_infnan.o)
    0x08001458   0x08001458   0x000000e4   Code   RO         4039    .text               c_w.l(bigflt0.o)
    0x0800153c   0x0800153c   0x00000012   Code   RO         4067    .text               c_w.l(exit.o)
    0x0800154e   0x0800154e   0x00000002   PAD
    0x08001550   0x08001550   0x00000008   Code   RO         4083    .text               c_w.l(libspace.o)
    0x08001558   0x08001558   0x00000080   Code   RO         4097    .text               c_w.l(strcmpv7m.o)
    0x080015d8   0x080015d8   0x0000000c   Code   RO         4144    .text               c_w.l(sys_exit.o)
    0x080015e4   0x080015e4   0x00000002   Code   RO         4163    .text               c_w.l(use_no_semi.o)
    0x080015e6   0x080015e6   0x00000000   Code   RO         4165    .text               c_w.l(indicate_semi.o)
    0x080015e6   0x080015e6   0x0000003e   Code   RO         4042    CL$$btod_d2e        c_w.l(btod.o)
    0x08001624   0x08001624   0x00000046   Code   RO         4044    CL$$btod_d2e_denorm_low  c_w.l(btod.o)
    0x0800166a   0x0800166a   0x00000060   Code   RO         4043    CL$$btod_d2e_norm_op1  c_w.l(btod.o)
    0x080016ca   0x080016ca   0x00000338   Code   RO         4052    CL$$btod_div_common  c_w.l(btod.o)
    0x08001a02   0x08001a02   0x000000dc   Code   RO         4049    CL$$btod_e2e        c_w.l(btod.o)
    0x08001ade   0x08001ade   0x0000002a   Code   RO         4046    CL$$btod_ediv       c_w.l(btod.o)
    0x08001b08   0x08001b08   0x0000002a   Code   RO         4045    CL$$btod_emul       c_w.l(btod.o)
    0x08001b32   0x08001b32   0x00000244   Code   RO         4051    CL$$btod_mult_common  c_w.l(btod.o)
    0x08001d76   0x08001d76   0x00000002   PAD
    0x08001d78   0x08001d78   0x00000128   Code   RO          667    i.ADC_Init          stm32f4xx_hal_adc.o
    0x08001ea0   0x08001ea0   0x00000002   Code   RO          200    i.BusFault_Handler  stm32f4xx_it.o
    0x08001ea2   0x08001ea2   0x00000002   PAD
    0x08001ea4   0x08001ea4   0x00000044   Code   RO          347    i.DWT_Delay_Init    dwt_delay.o
    0x08001ee8   0x08001ee8   0x00000002   Code   RO          201    i.DebugMon_Handler  stm32f4xx_it.o
    0x08001eea   0x08001eea   0x00000002   PAD
    0x08001eec   0x08001eec   0x0000014c   Code   RO          669    i.HAL_ADC_ConfigChannel  stm32f4xx_hal_adc.o
    0x08002038   0x08002038   0x00000006   Code   RO          676    i.HAL_ADC_GetValue  stm32f4xx_hal_adc.o
    0x0800203e   0x0800203e   0x00000054   Code   RO          678    i.HAL_ADC_Init      stm32f4xx_hal_adc.o
    0x08002092   0x08002092   0x00000002   PAD
    0x08002094   0x08002094   0x00000060   Code   RO          276    i.HAL_ADC_MspInit   stm32f4xx_hal_msp.o
    0x080020f4   0x080020f4   0x000000aa   Code   RO          682    i.HAL_ADC_PollForConversion  stm32f4xx_hal_adc.o
    0x0800219e   0x0800219e   0x00000002   PAD
    0x080021a0   0x080021a0   0x000000fc   Code   RO          684    i.HAL_ADC_Start     stm32f4xx_hal_adc.o
    0x0800229c   0x0800229c   0x0000003c   Code   RO          687    i.HAL_ADC_Stop      stm32f4xx_hal_adc.o
    0x080022d8   0x080022d8   0x00000024   Code   RO         1823    i.HAL_Delay         stm32f4xx_hal.o
    0x080022fc   0x080022fc   0x000001f0   Code   RO         1297    i.HAL_GPIO_Init     stm32f4xx_hal_gpio.o
    0x080024ec   0x080024ec   0x00000010   Code   RO         1300    i.HAL_GPIO_TogglePin  stm32f4xx_hal_gpio.o
    0x080024fc   0x080024fc   0x0000000a   Code   RO         1301    i.HAL_GPIO_WritePin  stm32f4xx_hal_gpio.o
    0x08002506   0x08002506   0x00000002   PAD
    0x08002508   0x08002508   0x0000000c   Code   RO         1829    i.HAL_GetTick       stm32f4xx_hal.o
    0x08002514   0x08002514   0x00000188   Code   RO         2085    i.HAL_I2C_Init      stm32f4xx_hal_i2c.o
    0x0800269c   0x0800269c   0x0000016c   Code   RO         2086    i.HAL_I2C_IsDeviceReady  stm32f4xx_hal_i2c.o
    0x08002808   0x08002808   0x0000012c   Code   RO         2098    i.HAL_I2C_Master_Transmit  stm32f4xx_hal_i2c.o
    0x08002934   0x08002934   0x00000068   Code   RO          278    i.HAL_I2C_MspInit   stm32f4xx_hal_msp.o
    0x0800299c   0x0800299c   0x00000010   Code   RO         1835    i.HAL_IncTick       stm32f4xx_hal.o
    0x080029ac   0x080029ac   0x00000034   Code   RO         1836    i.HAL_Init          stm32f4xx_hal.o
    0x080029e0   0x080029e0   0x00000040   Code   RO         1837    i.HAL_InitTick      stm32f4xx_hal.o
    0x08002a20   0x08002a20   0x00000030   Code   RO          279    i.HAL_MspInit       stm32f4xx_hal_msp.o
    0x08002a50   0x08002a50   0x00000040   Code   RO         1692    i.HAL_NVIC_SetPriority  stm32f4xx_hal_cortex.o
    0x08002a90   0x08002a90   0x00000024   Code   RO         1693    i.HAL_NVIC_SetPriorityGrouping  stm32f4xx_hal_cortex.o
    0x08002ab4   0x08002ab4   0x00000134   Code   RO          943    i.HAL_RCC_ClockConfig  stm32f4xx_hal_rcc.o
    0x08002be8   0x08002be8   0x0000000c   Code   RO          948    i.HAL_RCC_GetHCLKFreq  stm32f4xx_hal_rcc.o
    0x08002bf4   0x08002bf4   0x00000020   Code   RO          950    i.HAL_RCC_GetPCLK1Freq  stm32f4xx_hal_rcc.o
    0x08002c14   0x08002c14   0x00000064   Code   RO          952    i.HAL_RCC_GetSysClockFreq  stm32f4xx_hal_rcc.o
    0x08002c78   0x08002c78   0x0000036c   Code   RO          955    i.HAL_RCC_OscConfig  stm32f4xx_hal_rcc.o
    0x08002fe4   0x08002fe4   0x000000bc   Code   RO         2535    i.HAL_SPI_Init      stm32f4xx_hal_spi.o
    0x080030a0   0x080030a0   0x00000068   Code   RO          281    i.HAL_SPI_MspInit   stm32f4xx_hal_msp.o
    0x08003108   0x08003108   0x0000015a   Code   RO         2538    i.HAL_SPI_Receive   stm32f4xx_hal_spi.o
    0x08003262   0x08003262   0x00000166   Code   RO         2543    i.HAL_SPI_Transmit  stm32f4xx_hal_spi.o
    0x080033c8   0x080033c8   0x000001e2   Code   RO         2544    i.HAL_SPI_TransmitReceive  stm32f4xx_hal_spi.o
    0x080035aa   0x080035aa   0x00000028   Code   RO         1697    i.HAL_SYSTICK_Config  stm32f4xx_hal_cortex.o
    0x080035d2   0x080035d2   0x00000002   Code   RO          202    i.HardFault_Handler  stm32f4xx_it.o
    0x080035d4   0x080035d4   0x0000002e   Code   RO         2127    i.I2C_IsAcknowledgeFailed  stm32f4xx_hal_i2c.o
    0x08003602   0x08003602   0x00000002   PAD
    0x08003604   0x08003604   0x0000009c   Code   RO         2131    i.I2C_MasterRequestWrite  stm32f4xx_hal_i2c.o
    0x080036a0   0x080036a0   0x0000004c   Code   RO         2142    i.I2C_WaitOnBTFFlagUntilTimeout  stm32f4xx_hal_i2c.o
    0x080036ec   0x080036ec   0x00000068   Code   RO         2143    i.I2C_WaitOnFlagUntilTimeout  stm32f4xx_hal_i2c.o
    0x08003754   0x08003754   0x00000096   Code   RO         2144    i.I2C_WaitOnMasterAddressFlagUntilTimeout  stm32f4xx_hal_i2c.o
    0x080037ea   0x080037ea   0x0000004c   Code   RO         2146    i.I2C_WaitOnTXEFlagUntilTimeout  stm32f4xx_hal_i2c.o
    0x08003836   0x08003836   0x00000002   PAD
    0x08003838   0x08003838   0x000000cc   Code   RO          483    i.LIS3DSH_Init      my_lis3dsh.o
    0x08003904   0x08003904   0x00000032   Code   RO          484    i.LIS3DSH_PollDRDY  my_lis3dsh.o
    0x08003936   0x08003936   0x00000002   PAD
    0x08003938   0x08003938   0x0000005c   Code   RO          485    i.LIS3DSH_ReadIO    my_lis3dsh.o
    0x08003994   0x08003994   0x00000044   Code   RO          486    i.LIS3DSH_WriteIO   my_lis3dsh.o
    0x080039d8   0x080039d8   0x00000060   Code   RO           14    i.MX_ADC1_Init      main.o
    0x08003a38   0x08003a38   0x000000a8   Code   RO           15    i.MX_GPIO_Init      main.o
    0x08003ae0   0x08003ae0   0x00000044   Code   RO           16    i.MX_SPI1_Init      main.o
    0x08003b24   0x08003b24   0x00000002   Code   RO          203    i.MemManage_Handler  stm32f4xx_it.o
    0x08003b26   0x08003b26   0x00000002   Code   RO          204    i.NMI_Handler       stm32f4xx_it.o
    0x08003b28   0x08003b28   0x00000002   Code   RO          205    i.PendSV_Handler    stm32f4xx_it.o
    0x08003b2a   0x08003b2a   0x0000005c   Code   RO         2572    i.SPI_EndRxTransaction  stm32f4xx_hal_spi.o
    0x08003b86   0x08003b86   0x00000002   PAD
    0x08003b88   0x08003b88   0x00000058   Code   RO         2573    i.SPI_EndRxTxTransaction  stm32f4xx_hal_spi.o
    0x08003be0   0x08003be0   0x000000b8   Code   RO         2578    i.SPI_WaitFlagStateUntilTimeout  stm32f4xx_hal_spi.o
    0x08003c98   0x08003c98   0x0000014c   Code   RO          559    i.STEPPERS_Init     stepper.o
    0x08003de4   0x08003de4   0x000000b8   Code   RO          562    i.STEPPER_One_Step  stepper.o
    0x08003e9c   0x08003e9c   0x00000054   Code   RO          563    i.STEPPER_SetSpeed  stepper.o
    0x08003ef0   0x08003ef0   0x0000007c   Code   RO          564    i.STEPPER_Step_Blocking  stepper.o
    0x08003f6c   0x08003f6c   0x00000014   Code   RO          566    i.STEPPER_Stop      stepper.o
    0x08003f80   0x08003f80   0x00000002   Code   RO          206    i.SVC_Handler       stm32f4xx_it.o
    0x08003f82   0x08003f82   0x00000004   Code   RO          207    i.SysTick_Handler   stm32f4xx_it.o
    0x08003f86   0x08003f86   0x00000002   PAD
    0x08003f88   0x08003f88   0x0000007c   Code   RO           17    i.SystemClock_Config  main.o
    0x08004004   0x08004004   0x00000010   Code   RO         3820    i.SystemInit        system_stm32f4xx.o
    0x08004014   0x08004014   0x00000002   Code   RO          208    i.UsageFault_Handler  stm32f4xx_it.o
    0x08004016   0x08004016   0x00000030   Code   RO         4081    i.__ARM_fpclassify  m_wm.l(fpclassify.o)
    0x08004046   0x08004046   0x00000020   Code   RO         1699    i.__NVIC_SetPriority  stm32f4xx_hal_cortex.o
    0x08004066   0x08004066   0x0000000e   Code   RO         3947    i._is_digit         c_w.l(__printf_wp.o)
    0x08004074   0x08004074   0x00000008   Code   RO          375    i.lcd16x2_i2c_2ndLine  lcd16x2_i2c.o
    0x0800407c   0x0800407c   0x00000012   Code   RO          378    i.lcd16x2_i2c_clear  lcd16x2_i2c.o
    0x0800408e   0x0800408e   0x00000002   PAD
    0x08004090   0x08004090   0x000000b8   Code   RO          381    i.lcd16x2_i2c_init  lcd16x2_i2c.o
    0x08004148   0x08004148   0x00000070   Code   RO          382    i.lcd16x2_i2c_printf  lcd16x2_i2c.o
    0x080041b8   0x080041b8   0x00000040   Code   RO          383    i.lcd16x2_i2c_sendCommand  lcd16x2_i2c.o
    0x080041f8   0x080041f8   0x00000016   Code   RO          384    i.lcd16x2_i2c_setCursor  lcd16x2_i2c.o
    0x0800420e   0x0800420e   0x00000002   PAD
    0x08004210   0x08004210   0x00000218   Code   RO           18    i.main              main.o
    0x08004428   0x08004428   0x0000002c   Code   RO         4065    locale$$code        c_w.l(lc_numeric_c.o)
    0x08004454   0x08004454   0x0000002c   Code   RO         4091    locale$$code        c_w.l(lc_ctype_c.o)
    0x08004480   0x08004480   0x000002b0   Code   RO         3871    x$fpl$ddiv          fz_wm.l(ddiv.o)
    0x08004730   0x08004730   0x0000005a   Code   RO         3874    x$fpl$dfixu         fz_wm.l(dfixu.o)
    0x0800478a   0x0800478a   0x00000026   Code   RO         3878    x$fpl$dfltu         fz_wm.l(dflt_clz.o)
    0x080047b0   0x080047b0   0x0000009c   Code   RO         3980    x$fpl$dnaninf       fz_wm.l(dnaninf.o)
    0x0800484c   0x0800484c   0x0000000c   Code   RO         3982    x$fpl$dretinf       fz_wm.l(dretinf.o)
    0x08004858   0x08004858   0x0000000a   Code   RO         4159    x$fpl$fpinit        fz_wm.l(fpinit.o)
    0x08004862   0x08004862   0x00000004   Code   RO         3984    x$fpl$printf1       fz_wm.l(printf1.o)
    0x08004866   0x08004866   0x00000004   Code   RO         3986    x$fpl$printf2       fz_wm.l(printf2.o)
    0x0800486a   0x0800486a   0x00000000   Code   RO         3992    x$fpl$usenofp       fz_wm.l(usenofp.o)
    0x0800486a   0x0800486a   0x00000002   PAD
    0x0800486c   0x0800486c   0x0000001c   Data   RO          643    .constdata          stepper_cfg.o
    0x08004888   0x08004888   0x00000010   Data   RO         3821    .constdata          system_stm32f4xx.o
    0x08004898   0x08004898   0x00000008   Data   RO         3822    .constdata          system_stm32f4xx.o
    0x080048a0   0x080048a0   0x00000008   Data   RO         3906    .constdata          c_w.l(_printf_wctomb.o)
    0x080048a8   0x080048a8   0x00000028   Data   RO         3935    .constdata          c_w.l(_printf_hex_int_ll_ptr.o)
    0x080048d0   0x080048d0   0x00000011   Data   RO         3955    .constdata          c_w.l(__printf_flags_ss_wp.o)
    0x080048e1   0x080048e1   0x00000026   Data   RO         4017    .constdata          c_w.l(_printf_fp_hex.o)
    0x08004907   0x08004907   0x00000001   PAD
    0x08004908   0x08004908   0x00000094   Data   RO         4040    .constdata          c_w.l(bigflt0.o)
    0x0800499c   0x0800499c   0x00000020   Data   RO         4217    Region$$Table       anon$$obj.o
    0x080049bc   0x080049bc   0x0000001c   Data   RO         4064    locale$$data        c_w.l(lc_numeric_c.o)
    0x080049d8   0x080049d8   0x00000110   Data   RO         4090    locale$$data        c_w.l(lc_ctype_c.o)


    Execution Region RW_IRAM2 (Exec base: 0x10000000, Load base: 0x08004b70, Size: 0x00000000, Max: 0x00010000, ABSOLUTE)

    **** No section assigned to this execution region ****


    Execution Region RW_IRAM1 (Exec base: 0x20000000, Load base: 0x08004ae8, Size: 0x00000848, Max: 0x00020000, ABSOLUTE)

    Exec Addr    Load Addr    Size         Type   Attr      Idx    E Section Name        Object

    0x20000000   0x08004ae8   0x00000014   Data   RW           21    .data               main.o
    0x20000014   0x08004afc   0x00000008   Data   RW          387    .data               lcd16x2_i2c.o
    0x2000001c   0x08004b04   0x0000001c   Data   RW          491    .data               my_lis3dsh.o
    0x20000038   0x08004b20   0x00000040   Data   RW          569    .data               stepper.o
    0x20000078   0x08004b60   0x0000000c   Data   RW         1843    .data               stm32f4xx_hal.o
    0x20000084   0x08004b6c   0x00000004   Data   RW         3823    .data               system_stm32f4xx.o
    0x20000088        -       0x000000f4   Zero   RW           19    .bss                main.o
    0x2000017c        -       0x00000058   Zero   RW          490    .bss                my_lis3dsh.o
    0x200001d4        -       0x00000014   Zero   RW          568    .bss                stepper.o
    0x200001e8        -       0x00000060   Zero   RW         4084    .bss                c_w.l(libspace.o)
    0x20000248        -       0x00000200   Zero   RW            2    HEAP                startup_stm32f407xx.o
    0x20000448        -       0x00000400   Zero   RW            1    STACK               startup_stm32f407xx.o


==============================================================================

Image component sizes


      Code (inc. data)   RO Data    RW Data    ZI Data      Debug   Object Name

        68         10          0          0          0        541   dwt_delay.o
       408         16          0          8          0       5414   lcd16x2_i2c.o
       992        180          0         20        244     715114   main.o
       414         50          0         28         88       5593   my_lis3dsh.o
        64         26        392          0       1536        848   startup_stm32f407xx.o
       744         82          0         64         20       5462   stepper.o
         0          0         28          0          0        467   stepper_cfg.o
       180         28          0         12          0       9433   stm32f4xx_hal.o
      1200         52          0          0          0       5953   stm32f4xx_hal_adc.o
       172         14          0          0          0      33266   stm32f4xx_hal_cortex.o
       522         46          0          0          0       2853   stm32f4xx_hal_gpio.o
      1664         42          0          0          0      10645   stm32f4xx_hal_i2c.o
       352         42          0          0          0       3048   stm32f4xx_hal_msp.o
      1328         70          0          0          0       5141   stm32f4xx_hal_rcc.o
      1738         12          0          0          0       8502   stm32f4xx_hal_spi.o
        20          0          0          0          0       4190   stm32f4xx_it.o
        16          4         24          4          0       1139   system_stm32f4xx.o

    ----------------------------------------------------------------------
      9906        674        476        136       1888     817609   Object Totals
         0          0         32          0          0          0   (incl. Generated)
        24          0          0          0          0          0   (incl. Padding)

    ----------------------------------------------------------------------

      Code (inc. data)   RO Data    RW Data    ZI Data      Debug   Library Member Name

         8          0          0          0          0         68   __main.o
       392          4         17          0          0         92   __printf_flags_ss_wp.o
        14          0          0          0          0         68   __printf_wp.o
         0          0          0          0          0          0   __rtentry.o
        12          0          0          0          0          0   __rtentry2.o
         6          0          0          0          0          0   __rtentry4.o
        52          8          0          0          0          0   __scatter.o
        26          0          0          0          0          0   __scatter_copy.o
        28          0          0          0          0          0   __scatter_zi.o
         6          0          0          0          0          0   _printf_a.o
         6          0          0          0          0          0   _printf_c.o
        44          0          0          0          0        108   _printf_char.o
        48          6          0          0          0         96   _printf_char_common.o
        40          0          0          0          0         68   _printf_charcount.o
         6          0          0          0          0          0   _printf_d.o
       120         16          0          0          0         92   _printf_dec.o
         6          0          0          0          0          0   _printf_e.o
         6          0          0          0          0          0   _printf_f.o
      1054          0          0          0          0        216   _printf_fp_dec.o
       764          8         38          0          0        100   _printf_fp_hex.o
       128         16          0          0          0         84   _printf_fp_infnan.o
         6          0          0          0          0          0   _printf_g.o
       148          4         40          0          0        160   _printf_hex_int_ll_ptr.o
         6          0          0          0          0          0   _printf_i.o
       178          0          0          0          0         88   _printf_intcommon.o
        10          0          0          0          0          0   _printf_l.o
         6          0          0          0          0          0   _printf_lc.o
        10          0          0          0          0          0   _printf_ll.o
         6          0          0          0          0          0   _printf_lld.o
         6          0          0          0          0          0   _printf_lli.o
         6          0          0          0          0          0   _printf_llo.o
         6          0          0          0          0          0   _printf_llu.o
         6          0          0          0          0          0   _printf_llx.o
       124         16          0          0          0         92   _printf_longlong_dec.o
         6          0          0          0          0          0   _printf_ls.o
         6          0          0          0          0          0   _printf_n.o
         6          0          0          0          0          0   _printf_o.o
       112         10          0          0          0        124   _printf_oct_int_ll.o
         6          0          0          0          0          0   _printf_p.o
        78          0          0          0          0        108   _printf_pad.o
         0          0          0          0          0          0   _printf_percent.o
         4          0          0          0          0          0   _printf_percent_end.o
         6          0          0          0          0          0   _printf_s.o
        82          0          0          0          0         80   _printf_str.o
        36          0          0          0          0         84   _printf_truncate.o
         6          0          0          0          0          0   _printf_u.o
        44          0          0          0          0        108   _printf_wchar.o
       188          6          8          0          0         92   _printf_wctomb.o
         6          0          0          0          0          0   _printf_x.o
        10          0          0          0          0         68   _sputc.o
        64          0          0          0          0         92   _wcrtomb.o
       228          4        148          0          0         96   bigflt0.o
      1936        128          0          0          0        672   btod.o
        18          0          0          0          0         80   exit.o
         6          0          0          0          0        152   heapauxi.o
         0          0          0          0          0          0   indicate_semi.o
        44         10        272          0          0         76   lc_ctype_c.o
        44         10         28          0          0         76   lc_numeric_c.o
         2          0          0          0          0          0   libinit.o
        34          0          0          0          0          0   libinit2.o
         2          0          0          0          0          0   libshutdown.o
         2          0          0          0          0          0   libshutdown2.o
         8          4          0          0         96         68   libspace.o
       138          0          0          0          0         80   lludiv10.o
       238          0          0          0          0        100   lludivv7m.o
        16          4          0          0          0         76   rt_ctype_table.o
         8          4          0          0          0         68   rt_locale_intlibspace.o
        78          0          0          0          0         80   rt_memclr_w.o
       100          0          0          0          0         80   rt_memcpy_w.o
         2          0          0          0          0          0   rtexit.o
        10          0          0          0          0          0   rtexit2.o
       128          0          0          0          0         68   strcmpv7m.o
        62          0          0          0          0         76   strlen.o
        12          4          0          0          0         68   sys_exit.o
        74          0          0          0          0         80   sys_stackheap_outer.o
         2          0          0          0          0         68   use_no_semi.o
        36          4          0          0          0         76   vsprintf.o
       688        140          0          0          0        256   ddiv.o
        90          4          0          0          0        140   dfixu.o
        38          0          0          0          0        116   dflt_clz.o
       156          4          0          0          0        140   dnaninf.o
        12          0          0          0          0        116   dretinf.o
        10          0          0          0          0        116   fpinit.o
         4          0          0          0          0        116   printf1.o
         4          0          0          0          0        116   printf2.o
         0          0          0          0          0          0   usenofp.o
        48          0          0          0          0        124   fpclassify.o

    ----------------------------------------------------------------------
      8242        414        552          0         96       5468   Library Totals
        20          0          1          0          0          0   (incl. Padding)

    ----------------------------------------------------------------------

      Code (inc. data)   RO Data    RW Data    ZI Data      Debug   Library Name

      7172        266        551          0         96       4228   c_w.l
      1002        148          0          0          0       1116   fz_wm.l
        48          0          0          0          0        124   m_wm.l

    ----------------------------------------------------------------------
      8242        414        552          0         96       5468   Library Totals

    ----------------------------------------------------------------------

==============================================================================


      Code (inc. data)   RO Data    RW Data    ZI Data      Debug   

     18148       1088       1028        136       1984     813289   Grand Totals
     18148       1088       1028        136       1984     813289   ELF Image Totals
     18148       1088       1028        136          0          0   ROM Totals

==============================================================================

    Total RO  Size (Code + RO Data)                19176 (  18.73kB)
    Total RW  Size (RW Data + ZI Data)              2120 (   2.07kB)
    Total ROM Size (Code + RO Data + RW Data)      19312 (  18.86kB)

==============================================================================

